#-----------------------------------------------------------
# Vivado v2025.1 (64-bit)
# SW Build 6140274 on Wed May 21 22:58:25 MDT 2025
# IP Build 6138677 on Thu May 22 03:10:11 MDT 2025
# SharedData Build 6139179 on Tue May 20 17:58:58 MDT 2025
# Start of session at: Thu Feb 19 13:02:48 2026
# Process ID         : 164055
# Current directory  : /home/ddubon/research/project-mode
# Command line       : vivado -mode tcl -source project.tcl
# Log file           : /home/ddubon/research/project-mode/vivado.log
# Journal file       : /home/ddubon/research/project-mode/vivado.jou
# Running On         : sharla
# Platform           : Ubuntu
# Operating System   : Ubuntu 24.04.4 LTS
# Processor Detail   : AMD Ryzen Threadripper PRO 5965WX 24-Cores
# CPU Frequency      : 1432.261 MHz
# CPU Physical cores : 24
# CPU Logical cores  : 48
# Host memory        : 134934 MB
# Swap memory        : 8589 MB
# Total Virtual      : 143524 MB
# Available Virtual  : 134617 MB
#-----------------------------------------------------------
source project.tcl
# set proj_name "Tail Lights"
# set proj_dir  "./$proj_name"
# set part "xc7a100tcsg324-1"
# set top "top"
# set src_dir "./src1"
# set xdc "./pin_setting.xdc"
# set ila_xdc "./small-debug.xdc"
# if {[file exists $proj_dir]} {
#     file delete -force $proj_dir
# }
# create_project $proj_name $proj_dir -part $part -force
# add_files [glob -nocomplain -directory $src_dir *.sv]
# if {[file exists $xdc]} {
#     add_files -fileset constrs_1 $xdc
#     read_xdc $xdc
# } else {
#     puts "WARNING: No XDC found at $xdc"
# }
WARNING: [filemgmt 56-128] File '/home/ddubon/research/project-mode/pin_setting.xdc' is already in the project and will not be added again
# set_property top $top [get_filesets sources_1]
# update_compile_order -fileset sources_1
# launch_runs synth_1 -jobs 4
WARNING: [Vivado 12-7122] Auto Incremental Compile:: No reference checkpoint was found in run synth_1. Auto-incremental flow will not be run, the standard flow will be run instead.
[Thu Feb 19 13:02:54 2026] Launched synth_1...
Run output will be captured here: /home/ddubon/research/project-mode/Tail Lights/Tail Lights.runs/synth_1/runme.log
# wait_on_run synth_1
[Thu Feb 19 13:02:54 2026] Waiting for synth_1 to finish...

*** Running vivado
    with args -log top.vds -m64 -product Vivado -mode batch -messageDb vivado.pb -notrace -source top.tcl


****** Vivado v2025.1 (64-bit)
  **** SW Build 6140274 on Wed May 21 22:58:25 MDT 2025
  **** IP Build 6138677 on Thu May 22 03:10:11 MDT 2025
  **** SharedData Build 6139179 on Tue May 20 17:58:58 MDT 2025
  **** Start of session at: Thu Feb 19 13:02:55 2026
    ** Copyright 1986-2022 Xilinx, Inc. All Rights Reserved.
    ** Copyright 2022-2025 Advanced Micro Devices, Inc. All Rights Reserved.

source top.tcl -notrace
Command: synth_design -top top -part xc7a100tcsg324-1
Starting synth_design
Attempting to get a license for feature 'Synthesis' and/or device 'xc7a100t'
INFO: [Common 17-349] Got license for feature 'Synthesis' and/or device 'xc7a100t'
INFO: [Device 21-403] Loading part xc7a100tcsg324-1
INFO: [Synth 8-7079] Multithreading enabled for synth_design using a maximum of 7 processes.
INFO: [Synth 8-7078] Launching helper process for spawning children vivado processes
INFO: [Synth 8-7075] Helper process launched with PID 164382
---------------------------------------------------------------------------------
Starting RTL Elaboration : Time (s): cpu = 00:00:02 ; elapsed = 00:00:03 . Memory (MB): peak = 2227.031 ; gain = 439.742 ; free physical = 109797 ; free virtual = 126301
---------------------------------------------------------------------------------
WARNING: [Synth 8-10567] case statement must have case items [/home/ddubon/research/project-mode/src1/fsm.sv:44]
INFO: [Synth 8-11241] undeclared symbol 'clk_en', assumed default net type 'wire' [/home/ddubon/research/project-mode/src1/top.sv:58]
INFO: [Synth 8-6157] synthesizing module 'top' [/home/ddubon/research/project-mode/src1/top.sv:32]
INFO: [Synth 8-6157] synthesizing module 'clk_div' [/home/ddubon/research/project-mode/src1/clk_div.sv:5]
INFO: [Synth 8-6155] done synthesizing module 'clk_div' (0#1) [/home/ddubon/research/project-mode/src1/clk_div.sv:5]
INFO: [Synth 8-6157] synthesizing module 'FSM' [/home/ddubon/research/project-mode/src1/fsm.sv:5]
INFO: [Synth 8-6155] done synthesizing module 'FSM' (0#1) [/home/ddubon/research/project-mode/src1/fsm.sv:5]
INFO: [Synth 8-6155] done synthesizing module 'top' (0#1) [/home/ddubon/research/project-mode/src1/top.sv:32]
INFO: [Synth 8-6071] Mark debug on the nets applies keep_hierarchy on instance 'u_fsm'. This will prevent further optimization [/home/ddubon/research/project-mode/src1/top.sv:61]
WARNING: [Synth 8-7129] Port btn[2] in module top is either unconnected or has no load
WARNING: [Synth 8-7129] Port btn[1] in module top is either unconnected or has no load
WARNING: [Synth 8-7129] Port btn[0] in module top is either unconnected or has no load
---------------------------------------------------------------------------------
Finished RTL Elaboration : Time (s): cpu = 00:00:03 ; elapsed = 00:00:03 . Memory (MB): peak = 2299.969 ; gain = 512.680 ; free physical = 109695 ; free virtual = 126201
---------------------------------------------------------------------------------
---------------------------------------------------------------------------------
Start Handling Custom Attributes
---------------------------------------------------------------------------------
---------------------------------------------------------------------------------
Finished Handling Custom Attributes : Time (s): cpu = 00:00:03 ; elapsed = 00:00:04 . Memory (MB): peak = 2317.781 ; gain = 530.492 ; free physical = 109695 ; free virtual = 126201
---------------------------------------------------------------------------------
---------------------------------------------------------------------------------
Finished RTL Optimization Phase 1 : Time (s): cpu = 00:00:03 ; elapsed = 00:00:04 . Memory (MB): peak = 2317.781 ; gain = 530.492 ; free physical = 109695 ; free virtual = 126201
---------------------------------------------------------------------------------
Netlist sorting complete. Time (s): cpu = 00:00:00 ; elapsed = 00:00:00 . Memory (MB): peak = 2323.719 ; gain = 0.000 ; free physical = 109692 ; free virtual = 126197
INFO: [Project 1-570] Preparing netlist for logic optimization

Processing XDC Constraints
Initializing timing engine
Parsing XDC File [/home/ddubon/research/project-mode/pin_setting.xdc]
Finished Parsing XDC File [/home/ddubon/research/project-mode/pin_setting.xdc]
INFO: [Project 1-236] Implementation specific constraints were found while reading constraint file [/home/ddubon/research/project-mode/pin_setting.xdc]. These constraints will be ignored for synthesis but will be used in implementation. Impacted constraints are listed in the file [.Xil/top_propImpl.xdc].
Resolution: To avoid this warning, move constraints listed in [.Xil/top_propImpl.xdc] to another XDC file and exclude this new file from synthesis with the used_in_synthesis property (File Properties dialog in GUI) and re-run elaboration/synthesis.
Completed Processing XDC Constraints

Netlist sorting complete. Time (s): cpu = 00:00:00 ; elapsed = 00:00:00 . Memory (MB): peak = 2408.520 ; gain = 0.000 ; free physical = 109673 ; free virtual = 126178
INFO: [Project 1-111] Unisim Transformation Summary:
No Unisim elements were transformed.

lscpu: bad usage
Try 'lscpu --help' for more information.
Constraint Validation Runtime : Time (s): cpu = 00:00:00.01 ; elapsed = 00:00:00 . Memory (MB): peak = 2408.555 ; gain = 0.000 ; free physical = 109673 ; free virtual = 126178
---------------------------------------------------------------------------------
Finished Constraint Validation : Time (s): cpu = 00:00:07 ; elapsed = 00:00:08 . Memory (MB): peak = 2408.555 ; gain = 621.266 ; free physical = 109667 ; free virtual = 126172
---------------------------------------------------------------------------------
---------------------------------------------------------------------------------
Start Loading Part and Timing Information
---------------------------------------------------------------------------------
Loading part: xc7a100tcsg324-1
---------------------------------------------------------------------------------
Finished Loading Part and Timing Information : Time (s): cpu = 00:00:07 ; elapsed = 00:00:08 . Memory (MB): peak = 2416.523 ; gain = 629.234 ; free physical = 109667 ; free virtual = 126172
---------------------------------------------------------------------------------
---------------------------------------------------------------------------------
Start Applying 'set_property' XDC Constraints
---------------------------------------------------------------------------------
---------------------------------------------------------------------------------
Finished applying 'set_property' XDC Constraints : Time (s): cpu = 00:00:07 ; elapsed = 00:00:08 . Memory (MB): peak = 2416.523 ; gain = 629.234 ; free physical = 109667 ; free virtual = 126172
---------------------------------------------------------------------------------
---------------------------------------------------------------------------------
Finished RTL Optimization Phase 2 : Time (s): cpu = 00:00:08 ; elapsed = 00:00:08 . Memory (MB): peak = 2416.523 ; gain = 629.234 ; free physical = 109666 ; free virtual = 126172
---------------------------------------------------------------------------------
---------------------------------------------------------------------------------
Start RTL Component Statistics 
---------------------------------------------------------------------------------
Detailed RTL Component Info : 
+---Registers : 
	                4 Bit    Registers := 1     
---------------------------------------------------------------------------------
Finished RTL Component Statistics 
---------------------------------------------------------------------------------
---------------------------------------------------------------------------------
Start Part Resource Summary
---------------------------------------------------------------------------------
Part Resources:
DSPs: 240 (col length:80)
BRAMs: 270 (col length: RAMB18 80 RAMB36 40)
---------------------------------------------------------------------------------
Finished Part Resource Summary
---------------------------------------------------------------------------------
---------------------------------------------------------------------------------
Start Cross Boundary and Area Optimization
---------------------------------------------------------------------------------
WARNING: [Synth 8-7080] Parallel synthesis criteria is not met
WARNING: [Synth 8-7129] Port btn[2] in module top is either unconnected or has no load
WARNING: [Synth 8-7129] Port btn[1] in module top is either unconnected or has no load
WARNING: [Synth 8-7129] Port btn[0] in module top is either unconnected or has no load
---------------------------------------------------------------------------------
Finished Cross Boundary and Area Optimization : Time (s): cpu = 00:00:08 ; elapsed = 00:00:09 . Memory (MB): peak = 2416.523 ; gain = 629.234 ; free physical = 109652 ; free virtual = 126162
---------------------------------------------------------------------------------
---------------------------------------------------------------------------------
Start Applying XDC Timing Constraints
---------------------------------------------------------------------------------
---------------------------------------------------------------------------------
Finished Applying XDC Timing Constraints : Time (s): cpu = 00:00:12 ; elapsed = 00:00:12 . Memory (MB): peak = 2487.523 ; gain = 700.234 ; free physical = 109592 ; free virtual = 126106
---------------------------------------------------------------------------------
---------------------------------------------------------------------------------
Start Timing Optimization
---------------------------------------------------------------------------------
---------------------------------------------------------------------------------
Finished Timing Optimization : Time (s): cpu = 00:00:12 ; elapsed = 00:00:12 . Memory (MB): peak = 2506.555 ; gain = 719.266 ; free physical = 109584 ; free virtual = 126098
---------------------------------------------------------------------------------
---------------------------------------------------------------------------------
Start Technology Mapping
---------------------------------------------------------------------------------
---------------------------------------------------------------------------------
Finished Technology Mapping : Time (s): cpu = 00:00:12 ; elapsed = 00:00:12 . Memory (MB): peak = 2506.555 ; gain = 719.266 ; free physical = 109585 ; free virtual = 126099
---------------------------------------------------------------------------------
---------------------------------------------------------------------------------
Start IO Insertion
---------------------------------------------------------------------------------
---------------------------------------------------------------------------------
Start Flattening Before IO Insertion
---------------------------------------------------------------------------------
---------------------------------------------------------------------------------
Finished Flattening Before IO Insertion
---------------------------------------------------------------------------------
---------------------------------------------------------------------------------
Start Final Netlist Cleanup
---------------------------------------------------------------------------------
---------------------------------------------------------------------------------
Finished Final Netlist Cleanup
---------------------------------------------------------------------------------
---------------------------------------------------------------------------------
Finished IO Insertion : Time (s): cpu = 00:00:14 ; elapsed = 00:00:14 . Memory (MB): peak = 2673.367 ; gain = 886.078 ; free physical = 109444 ; free virtual = 125954
---------------------------------------------------------------------------------
---------------------------------------------------------------------------------
Start Renaming Generated Instances
---------------------------------------------------------------------------------
---------------------------------------------------------------------------------
Finished Renaming Generated Instances : Time (s): cpu = 00:00:14 ; elapsed = 00:00:14 . Memory (MB): peak = 2673.367 ; gain = 886.078 ; free physical = 109444 ; free virtual = 125954
---------------------------------------------------------------------------------
---------------------------------------------------------------------------------
Start Rebuilding User Hierarchy
---------------------------------------------------------------------------------
---------------------------------------------------------------------------------
Finished Rebuilding User Hierarchy : Time (s): cpu = 00:00:14 ; elapsed = 00:00:14 . Memory (MB): peak = 2673.367 ; gain = 886.078 ; free physical = 109444 ; free virtual = 125954
---------------------------------------------------------------------------------
---------------------------------------------------------------------------------
Start Renaming Generated Ports
---------------------------------------------------------------------------------
---------------------------------------------------------------------------------
Finished Renaming Generated Ports : Time (s): cpu = 00:00:14 ; elapsed = 00:00:14 . Memory (MB): peak = 2673.367 ; gain = 886.078 ; free physical = 109444 ; free virtual = 125954
---------------------------------------------------------------------------------
---------------------------------------------------------------------------------
Start Handling Custom Attributes
---------------------------------------------------------------------------------
---------------------------------------------------------------------------------
Finished Handling Custom Attributes : Time (s): cpu = 00:00:14 ; elapsed = 00:00:14 . Memory (MB): peak = 2673.367 ; gain = 886.078 ; free physical = 109444 ; free virtual = 125954
---------------------------------------------------------------------------------
---------------------------------------------------------------------------------
Start Renaming Generated Nets
---------------------------------------------------------------------------------
---------------------------------------------------------------------------------
Finished Renaming Generated Nets : Time (s): cpu = 00:00:14 ; elapsed = 00:00:14 . Memory (MB): peak = 2673.367 ; gain = 886.078 ; free physical = 109444 ; free virtual = 125954
---------------------------------------------------------------------------------
---------------------------------------------------------------------------------
Start Writing Synthesis Report
---------------------------------------------------------------------------------

Report BlackBoxes: 
+-+--------------+----------+
| |BlackBox name |Instances |
+-+--------------+----------+
+-+--------------+----------+

Report Cell Usage: 
+------+-------+------+
|      |Cell   |Count |
+------+-------+------+
|1     |BUFG   |     1|
|2     |CARRY4 |     7|
|3     |LUT1   |    13|
|4     |LUT5   |     1|
|5     |LUT6   |     4|
|6     |FDRE   |    29|
|7     |IBUF   |     2|
|8     |OBUF   |     4|
+------+-------+------+
---------------------------------------------------------------------------------
Finished Writing Synthesis Report : Time (s): cpu = 00:00:14 ; elapsed = 00:00:14 . Memory (MB): peak = 2673.367 ; gain = 886.078 ; free physical = 109444 ; free virtual = 125954
---------------------------------------------------------------------------------
Synthesis finished with 0 errors, 0 critical warnings and 4 warnings.
Synthesis Optimization Runtime : Time (s): cpu = 00:00:13 ; elapsed = 00:00:13 . Memory (MB): peak = 2673.367 ; gain = 795.305 ; free physical = 109444 ; free virtual = 125954
Synthesis Optimization Complete : Time (s): cpu = 00:00:14 ; elapsed = 00:00:14 . Memory (MB): peak = 2673.375 ; gain = 886.078 ; free physical = 109444 ; free virtual = 125954
INFO: [Project 1-571] Translating synthesized netlist
Netlist sorting complete. Time (s): cpu = 00:00:00 ; elapsed = 00:00:00 . Memory (MB): peak = 2673.375 ; gain = 0.000 ; free physical = 109444 ; free virtual = 125954
INFO: [Netlist 29-17] Analyzing 7 Unisim elements for replacement
INFO: [Netlist 29-28] Unisim Transformation completed in 0 CPU seconds
INFO: [Project 1-570] Preparing netlist for logic optimization
INFO: [Opt 31-138] Pushed 0 inverter(s) to 0 load pin(s).
Netlist sorting complete. Time (s): cpu = 00:00:00 ; elapsed = 00:00:00 . Memory (MB): peak = 2673.375 ; gain = 0.000 ; free physical = 109618 ; free virtual = 126128
INFO: [Project 1-111] Unisim Transformation Summary:
No Unisim elements were transformed.

lscpu: bad usage
Try 'lscpu --help' for more information.
Synth Design complete | Checksum: 4dd7c580
INFO: [Common 17-83] Releasing license: Synthesis
23 Infos, 8 Warnings, 0 Critical Warnings and 0 Errors encountered.
synth_design completed successfully
synth_design: Time (s): cpu = 00:00:19 ; elapsed = 00:00:18 . Memory (MB): peak = 2673.402 ; gain = 1032.199 ; free physical = 109618 ; free virtual = 126128
INFO: [Common 17-2834] synth_design peak Physical Memory [PSS] (MB): overall = 1862.666; main = 1862.666; forked = 275.950
INFO: [Common 17-2834] synth_design peak Virtual Memory [VSS] (MB): overall = 3380.586; main = 2673.371; forked = 964.059
Write ShapeDB Complete: Time (s): cpu = 00:00:00.01 ; elapsed = 00:00:00 . Memory (MB): peak = 2697.379 ; gain = 0.000 ; free physical = 109616 ; free virtual = 126126
INFO: [Common 17-1381] The checkpoint '/home/ddubon/research/project-mode/Tail Lights/Tail Lights.runs/synth_1/top.dcp' has been generated.
INFO: [Vivado 12-24828] Executing command : report_utilization -file top_utilization_synth.rpt -pb top_utilization_synth.pb
INFO: [Common 17-206] Exiting Vivado at Thu Feb 19 13:03:17 2026...
[Thu Feb 19 13:03:37 2026] synth_1 finished
wait_on_runs: Time (s): cpu = 00:00:29 ; elapsed = 00:00:43 . Memory (MB): peak = 1647.711 ; gain = 0.000 ; free physical = 111330 ; free virtual = 127835
# open_run synth_1
Design is defaulting to impl run constrset: constrs_1
Design is defaulting to synth run part: xc7a100tcsg324-1
INFO: [Device 21-403] Loading part xc7a100tcsg324-1
Netlist sorting complete. Time (s): cpu = 00:00:00 ; elapsed = 00:00:00 . Memory (MB): peak = 1799.734 ; gain = 0.000 ; free physical = 111196 ; free virtual = 127704
INFO: [Netlist 29-17] Analyzing 7 Unisim elements for replacement
INFO: [Netlist 29-28] Unisim Transformation completed in 0 CPU seconds
INFO: [Project 1-479] Netlist was created with Vivado 2025.1
INFO: [Project 1-570] Preparing netlist for logic optimization
Parsing XDC File [/home/ddubon/research/project-mode/pin_setting.xdc]
Finished Parsing XDC File [/home/ddubon/research/project-mode/pin_setting.xdc]
INFO: [Opt 31-138] Pushed 0 inverter(s) to 0 load pin(s).
Netlist sorting complete. Time (s): cpu = 00:00:00 ; elapsed = 00:00:00 . Memory (MB): peak = 1921.375 ; gain = 0.000 ; free physical = 111084 ; free virtual = 127592
INFO: [Project 1-111] Unisim Transformation Summary:
No Unisim elements were transformed.

# if {[file exists $ila_xdc]} {
#     source $ila_xdc
#     puts "INFO: Sourced ILA constraints from $ila_xdc"
# } else {
#     puts "WARNING: No ILA constraints found at $ila_xdc"
# }
## create_debug_core u_ila_0 ila
## set_property C_DATA_DEPTH 1024 [get_debug_cores u_ila_0]
## set_property C_TRIGIN_EN false [get_debug_cores u_ila_0]
## set_property C_TRIGOUT_EN false [get_debug_cores u_ila_0]
## set_property C_ADV_TRIGGER false [get_debug_cores u_ila_0]
## set_property C_INPUT_PIPE_STAGES 0 [get_debug_cores u_ila_0]
## set_property C_EN_STRG_QUAL false [get_debug_cores u_ila_0]
## set_property ALL_PROBE_SAME_MU true [get_debug_cores u_ila_0]
## set_property ALL_PROBE_SAME_MU_CNT 1 [get_debug_cores u_ila_0]
## startgroup
## set_property C_EN_STRG_QUAL true [get_debug_cores u_ila_0]
## set_property C_ADV_TRIGGER true [get_debug_cores u_ila_0]
## set_property ALL_PROBE_SAME_MU true [get_debug_cores u_ila_0]
## set_property ALL_PROBE_SAME_MU_CNT 7 [get_debug_cores u_ila_0]
## endgroup
## connect_debug_port u_ila_0/clk [get_nets clk_internal]
## connect_debug_port dbg_hub/clk [get_nets clk_internal]
## create_debug_port u_ila_0 probe
## set_property port_width 1 [get_debug_ports u_ila_0/probe0]
## set_property PROBE_TYPE DATA_AND_TRIGGER [get_debug_ports u_ila_0/probe0]
## connect_debug_port u_ila_0/probe0 [get_nets reset]
## create_debug_port u_ila_0 probe
## set_property port_width 1 [get_debug_ports u_ila_0/probe1]
## set_property PROBE_TYPE DATA_AND_TRIGGER [get_debug_ports u_ila_0/probe1]
## connect_debug_port u_ila_0/probe1 [get_nets right]
## create_debug_port u_ila_0 probe
## set_property port_width 1 [get_debug_ports u_ila_0/probe2]
## set_property PROBE_TYPE DATA_AND_TRIGGER [get_debug_ports u_ila_0/probe2]
## connect_debug_port u_ila_0/probe2 [get_nets left]
## create_debug_port u_ila_0 probe
## set_property port_width 1 [get_debug_ports u_ila_0/probe3]
## set_property PROBE_TYPE DATA_AND_TRIGGER [get_debug_ports u_ila_0/probe3]
## connect_debug_port u_ila_0/probe3 [get_nets led_internal[0]]
## create_debug_port u_ila_0 probe
## set_property port_width 1 [get_debug_ports u_ila_0/probe4]
## set_property PROBE_TYPE DATA_AND_TRIGGER [get_debug_ports u_ila_0/probe4]
## connect_debug_port u_ila_0/probe4 [get_nets led_internal[1]]
## create_debug_port u_ila_0 probe
## set_property port_width 1 [get_debug_ports u_ila_0/probe5]
## set_property PROBE_TYPE DATA_AND_TRIGGER [get_debug_ports u_ila_0/probe5]
## connect_debug_port u_ila_0/probe5 [get_nets led_internal[2]]
## create_debug_port u_ila_0 probe
## set_property port_width 1 [get_debug_ports u_ila_0/probe6]
## set_property PROBE_TYPE DATA_AND_TRIGGER [get_debug_ports u_ila_0/probe6]
## connect_debug_port u_ila_0/probe6 [get_nets led_internal[3]]
## create_debug_port u_ila_0 probe
## set_property port_width 1 [get_debug_ports u_ila_0/probe7]
## set_property PROBE_TYPE DATA_AND_TRIGGER [get_debug_ports u_ila_0/probe7]
INFO: Sourced ILA constraints from ./small-debug.xdc
# launch_runs impl_1 -to_step write_bitstream
ERROR: [Chipscope 16-213] The debug port 'u_ila_0/probe7' has 1 unconnected channels (bits). This will cause errors during implementation.
INFO: [Common 17-206] Exiting Vivado at Thu Feb 19 13:07:00 2026...
