#-----------------------------------------------------------
# Vivado v2025.1 (64-bit)
# SW Build 6140274 on Wed May 21 22:58:25 MDT 2025
# IP Build 6138677 on Thu May 22 03:10:11 MDT 2025
# SharedData Build 6139179 on Tue May 20 17:58:58 MDT 2025
# Start of session at: Tue Mar 24 14:14:38 2026
# Process ID         : 117638
# Current directory  : /home/ddubon/research/project-mode
# Command line       : vivado -mode tcl -source project.tcl
# Log file           : /home/ddubon/research/project-mode/vivado.log
# Journal file       : /home/ddubon/research/project-mode/vivado.jou
# Running On         : sharla
# Platform           : Ubuntu
# Operating System   : Ubuntu 24.04.4 LTS
# Processor Detail   : AMD Ryzen Threadripper PRO 5965WX 24-Cores
# CPU Frequency      : 1432.261 MHz
# CPU Physical cores : 24
# CPU Logical cores  : 48
# Host memory        : 134934 MB
# Swap memory        : 8589 MB
# Total Virtual      : 143524 MB
# Available Virtual  : 137097 MB
#-----------------------------------------------------------
source project.tcl
# set proj_name "Tail Lights"
# set proj_dir  "./$proj_name"
# set part "xc7a100tcsg324-1"
# set top "top"
# set src_dir "./src1"
# set xdc "./pin_setting.xdc"
# set ila_xdc "./small-debug.xdc"
# if {[file exists $proj_dir]} {
#     file delete -force $proj_dir
# }
# create_project $proj_name $proj_dir -part $part -force
# add_files [glob -nocomplain -directory $src_dir *.sv]
# if {[file exists $xdc]} {
#     add_files -fileset constrs_1 $xdc
#     read_xdc $xdc
# } else {
#     puts "WARNING: No XDC found at $xdc"
# }
WARNING: [filemgmt 56-128] File '/home/ddubon/research/project-mode/pin_setting.xdc' is already in the project and will not be added again
# set_property top $top [get_filesets sources_1]
# update_compile_order -fileset sources_1
# launch_runs synth_1 -jobs 4
WARNING: [Vivado 12-7122] Auto Incremental Compile:: No reference checkpoint was found in run synth_1. Auto-incremental flow will not be run, the standard flow will be run instead.
[Tue Mar 24 14:15:00 2026] Launched synth_1...
Run output will be captured here: /home/ddubon/research/project-mode/Tail Lights/Tail Lights.runs/synth_1/runme.log
# wait_on_run synth_1
[Tue Mar 24 14:15:00 2026] Waiting for synth_1 to finish...

*** Running vivado
    with args -log top.vds -m64 -product Vivado -mode batch -messageDb vivado.pb -notrace -source top.tcl


****** Vivado v2025.1 (64-bit)
  **** SW Build 6140274 on Wed May 21 22:58:25 MDT 2025
  **** IP Build 6138677 on Thu May 22 03:10:11 MDT 2025
  **** SharedData Build 6139179 on Tue May 20 17:58:58 MDT 2025
  **** Start of session at: Tue Mar 24 14:15:02 2026
    ** Copyright 1986-2022 Xilinx, Inc. All Rights Reserved.
    ** Copyright 2022-2025 Advanced Micro Devices, Inc. All Rights Reserved.

source top.tcl -notrace
Command: synth_design -top top -part xc7a100tcsg324-1
Starting synth_design
Attempting to get a license for feature 'Synthesis' and/or device 'xc7a100t'
INFO: [Common 17-349] Got license for feature 'Synthesis' and/or device 'xc7a100t'
INFO: [Device 21-403] Loading part xc7a100tcsg324-1
INFO: [Synth 8-7079] Multithreading enabled for synth_design using a maximum of 7 processes.
INFO: [Synth 8-7078] Launching helper process for spawning children vivado processes
INFO: [Synth 8-7075] Helper process launched with PID 118107
---------------------------------------------------------------------------------
Starting RTL Elaboration : Time (s): cpu = 00:00:02 ; elapsed = 00:00:03 . Memory (MB): peak = 2226.508 ; gain = 438.742 ; free physical = 109259 ; free virtual = 128626
---------------------------------------------------------------------------------
INFO: [Synth 8-6157] synthesizing module 'top' [/home/ddubon/research/project-mode/src1/top.sv:32]
INFO: [Synth 8-6157] synthesizing module 'clk_div' [/home/ddubon/research/project-mode/src1/clk_div.sv:4]
INFO: [Synth 8-6155] done synthesizing module 'clk_div' (0#1) [/home/ddubon/research/project-mode/src1/clk_div.sv:4]
INFO: [Synth 8-6157] synthesizing module 'FSM' [/home/ddubon/research/project-mode/src1/fsm.sv:1]
INFO: [Synth 8-6155] done synthesizing module 'FSM' (0#1) [/home/ddubon/research/project-mode/src1/fsm.sv:1]
INFO: [Synth 8-6155] done synthesizing module 'top' (0#1) [/home/ddubon/research/project-mode/src1/top.sv:32]
WARNING: [Synth 8-7129] Port btn[2] in module top is either unconnected or has no load
WARNING: [Synth 8-7129] Port btn[1] in module top is either unconnected or has no load
WARNING: [Synth 8-7129] Port btn[0] in module top is either unconnected or has no load
---------------------------------------------------------------------------------
Finished RTL Elaboration : Time (s): cpu = 00:00:03 ; elapsed = 00:00:04 . Memory (MB): peak = 2299.445 ; gain = 511.680 ; free physical = 109161 ; free virtual = 128534
---------------------------------------------------------------------------------
---------------------------------------------------------------------------------
Start Handling Custom Attributes
---------------------------------------------------------------------------------
---------------------------------------------------------------------------------
Finished Handling Custom Attributes : Time (s): cpu = 00:00:03 ; elapsed = 00:00:04 . Memory (MB): peak = 2317.258 ; gain = 529.492 ; free physical = 109160 ; free virtual = 128532
---------------------------------------------------------------------------------
---------------------------------------------------------------------------------
Finished RTL Optimization Phase 1 : Time (s): cpu = 00:00:03 ; elapsed = 00:00:04 . Memory (MB): peak = 2317.258 ; gain = 529.492 ; free physical = 109160 ; free virtual = 128532
---------------------------------------------------------------------------------
Netlist sorting complete. Time (s): cpu = 00:00:00 ; elapsed = 00:00:00 . Memory (MB): peak = 2317.258 ; gain = 0.000 ; free physical = 109160 ; free virtual = 128532
INFO: [Project 1-570] Preparing netlist for logic optimization

Processing XDC Constraints
Initializing timing engine
Parsing XDC File [/home/ddubon/research/project-mode/pin_setting.xdc]
Finished Parsing XDC File [/home/ddubon/research/project-mode/pin_setting.xdc]
INFO: [Project 1-236] Implementation specific constraints were found while reading constraint file [/home/ddubon/research/project-mode/pin_setting.xdc]. These constraints will be ignored for synthesis but will be used in implementation. Impacted constraints are listed in the file [.Xil/top_propImpl.xdc].
Resolution: To avoid this warning, move constraints listed in [.Xil/top_propImpl.xdc] to another XDC file and exclude this new file from synthesis with the used_in_synthesis property (File Properties dialog in GUI) and re-run elaboration/synthesis.
Completed Processing XDC Constraints

Netlist sorting complete. Time (s): cpu = 00:00:00 ; elapsed = 00:00:00 . Memory (MB): peak = 2423.996 ; gain = 0.000 ; free physical = 109154 ; free virtual = 128536
INFO: [Project 1-111] Unisim Transformation Summary:
No Unisim elements were transformed.

lscpu: bad usage
Try 'lscpu --help' for more information.
Constraint Validation Runtime : Time (s): cpu = 00:00:00 ; elapsed = 00:00:00 . Memory (MB): peak = 2424.031 ; gain = 0.000 ; free physical = 109154 ; free virtual = 128536
---------------------------------------------------------------------------------
Finished Constraint Validation : Time (s): cpu = 00:00:08 ; elapsed = 00:00:09 . Memory (MB): peak = 2424.031 ; gain = 636.266 ; free physical = 109151 ; free virtual = 128531
---------------------------------------------------------------------------------
---------------------------------------------------------------------------------
Start Loading Part and Timing Information
---------------------------------------------------------------------------------
Loading part: xc7a100tcsg324-1
---------------------------------------------------------------------------------
Finished Loading Part and Timing Information : Time (s): cpu = 00:00:08 ; elapsed = 00:00:09 . Memory (MB): peak = 2432.000 ; gain = 644.234 ; free physical = 109151 ; free virtual = 128531
---------------------------------------------------------------------------------
---------------------------------------------------------------------------------
Start Applying 'set_property' XDC Constraints
---------------------------------------------------------------------------------
---------------------------------------------------------------------------------
Finished applying 'set_property' XDC Constraints : Time (s): cpu = 00:00:08 ; elapsed = 00:00:09 . Memory (MB): peak = 2432.000 ; gain = 644.234 ; free physical = 109151 ; free virtual = 128531
---------------------------------------------------------------------------------
INFO: [Synth 8-802] inferred FSM for state register 'state_reg' in module 'FSM'
---------------------------------------------------------------------------------------------------
                   State |                     New Encoding |                Previous Encoding 
---------------------------------------------------------------------------------------------------
                      S0 |                              000 |                              000
                      S5 |                              001 |                              101
                      S6 |                              010 |                              110
                      S3 |                              011 |                              011
                      S4 |                              100 |                              100
                      S1 |                              101 |                              001
                      S2 |                              110 |                              010
---------------------------------------------------------------------------------------------------
INFO: [Synth 8-3354] encoded FSM with state register 'state_reg' using encoding 'sequential' in module 'FSM'
---------------------------------------------------------------------------------
Finished RTL Optimization Phase 2 : Time (s): cpu = 00:00:08 ; elapsed = 00:00:09 . Memory (MB): peak = 2432.000 ; gain = 644.234 ; free physical = 109152 ; free virtual = 128533
---------------------------------------------------------------------------------
---------------------------------------------------------------------------------
Start RTL Component Statistics 
---------------------------------------------------------------------------------
Detailed RTL Component Info : 
+---Muxes : 
	   7 Input    4 Bit        Muxes := 1     
	   7 Input    3 Bit        Muxes := 1     
	   2 Input    3 Bit        Muxes := 3     
---------------------------------------------------------------------------------
Finished RTL Component Statistics 
---------------------------------------------------------------------------------
---------------------------------------------------------------------------------
Start Part Resource Summary
---------------------------------------------------------------------------------
Part Resources:
DSPs: 240 (col length:80)
BRAMs: 270 (col length: RAMB18 80 RAMB36 40)
---------------------------------------------------------------------------------
Finished Part Resource Summary
---------------------------------------------------------------------------------
---------------------------------------------------------------------------------
Start Cross Boundary and Area Optimization
---------------------------------------------------------------------------------
WARNING: [Synth 8-7080] Parallel synthesis criteria is not met
WARNING: [Synth 8-7129] Port btn[2] in module top is either unconnected or has no load
WARNING: [Synth 8-7129] Port btn[1] in module top is either unconnected or has no load
WARNING: [Synth 8-7129] Port btn[0] in module top is either unconnected or has no load
---------------------------------------------------------------------------------
Finished Cross Boundary and Area Optimization : Time (s): cpu = 00:00:09 ; elapsed = 00:00:10 . Memory (MB): peak = 2432.000 ; gain = 644.234 ; free physical = 109148 ; free virtual = 128535
---------------------------------------------------------------------------------
---------------------------------------------------------------------------------
Start Applying XDC Timing Constraints
---------------------------------------------------------------------------------
---------------------------------------------------------------------------------
Finished Applying XDC Timing Constraints : Time (s): cpu = 00:00:12 ; elapsed = 00:00:13 . Memory (MB): peak = 2488.000 ; gain = 700.234 ; free physical = 109073 ; free virtual = 128465
---------------------------------------------------------------------------------
---------------------------------------------------------------------------------
Start Timing Optimization
---------------------------------------------------------------------------------
---------------------------------------------------------------------------------
Finished Timing Optimization : Time (s): cpu = 00:00:12 ; elapsed = 00:00:13 . Memory (MB): peak = 2497.016 ; gain = 709.250 ; free physical = 109065 ; free virtual = 128456
---------------------------------------------------------------------------------
---------------------------------------------------------------------------------
Start Technology Mapping
---------------------------------------------------------------------------------
---------------------------------------------------------------------------------
Finished Technology Mapping : Time (s): cpu = 00:00:12 ; elapsed = 00:00:13 . Memory (MB): peak = 2497.016 ; gain = 709.250 ; free physical = 109065 ; free virtual = 128457
---------------------------------------------------------------------------------
---------------------------------------------------------------------------------
Start IO Insertion
---------------------------------------------------------------------------------
---------------------------------------------------------------------------------
Start Flattening Before IO Insertion
---------------------------------------------------------------------------------
---------------------------------------------------------------------------------
Finished Flattening Before IO Insertion
---------------------------------------------------------------------------------
---------------------------------------------------------------------------------
Start Final Netlist Cleanup
---------------------------------------------------------------------------------
---------------------------------------------------------------------------------
Finished Final Netlist Cleanup
---------------------------------------------------------------------------------
---------------------------------------------------------------------------------
Finished IO Insertion : Time (s): cpu = 00:00:14 ; elapsed = 00:00:15 . Memory (MB): peak = 2672.828 ; gain = 885.062 ; free physical = 108929 ; free virtual = 128324
---------------------------------------------------------------------------------
---------------------------------------------------------------------------------
Start Renaming Generated Instances
---------------------------------------------------------------------------------
---------------------------------------------------------------------------------
Finished Renaming Generated Instances : Time (s): cpu = 00:00:14 ; elapsed = 00:00:15 . Memory (MB): peak = 2672.828 ; gain = 885.062 ; free physical = 108930 ; free virtual = 128325
---------------------------------------------------------------------------------
---------------------------------------------------------------------------------
Start Rebuilding User Hierarchy
---------------------------------------------------------------------------------
---------------------------------------------------------------------------------
Finished Rebuilding User Hierarchy : Time (s): cpu = 00:00:14 ; elapsed = 00:00:15 . Memory (MB): peak = 2672.828 ; gain = 885.062 ; free physical = 108930 ; free virtual = 128325
---------------------------------------------------------------------------------
---------------------------------------------------------------------------------
Start Renaming Generated Ports
---------------------------------------------------------------------------------
---------------------------------------------------------------------------------
Finished Renaming Generated Ports : Time (s): cpu = 00:00:14 ; elapsed = 00:00:15 . Memory (MB): peak = 2672.828 ; gain = 885.062 ; free physical = 108930 ; free virtual = 128325
---------------------------------------------------------------------------------
---------------------------------------------------------------------------------
Start Handling Custom Attributes
---------------------------------------------------------------------------------
---------------------------------------------------------------------------------
Finished Handling Custom Attributes : Time (s): cpu = 00:00:14 ; elapsed = 00:00:15 . Memory (MB): peak = 2672.828 ; gain = 885.062 ; free physical = 108930 ; free virtual = 128325
---------------------------------------------------------------------------------
---------------------------------------------------------------------------------
Start Renaming Generated Nets
---------------------------------------------------------------------------------
---------------------------------------------------------------------------------
Finished Renaming Generated Nets : Time (s): cpu = 00:00:14 ; elapsed = 00:00:15 . Memory (MB): peak = 2672.828 ; gain = 885.062 ; free physical = 108930 ; free virtual = 128325
---------------------------------------------------------------------------------
---------------------------------------------------------------------------------
Start Writing Synthesis Report
---------------------------------------------------------------------------------

Report BlackBoxes: 
+-+--------------+----------+
| |BlackBox name |Instances |
+-+--------------+----------+
+-+--------------+----------+

Report Cell Usage: 
+------+-----+------+
|      |Cell |Count |
+------+-----+------+
|1     |BUFG |     1|
|2     |LUT2 |     2|
|3     |LUT3 |     2|
|4     |LUT5 |     3|
|5     |FDCE |     3|
|6     |IBUF |     4|
|7     |OBUF |     4|
+------+-----+------+
---------------------------------------------------------------------------------
Finished Writing Synthesis Report : Time (s): cpu = 00:00:14 ; elapsed = 00:00:15 . Memory (MB): peak = 2672.828 ; gain = 885.062 ; free physical = 108930 ; free virtual = 128325
---------------------------------------------------------------------------------
Synthesis finished with 0 errors, 0 critical warnings and 4 warnings.
Synthesis Optimization Runtime : Time (s): cpu = 00:00:13 ; elapsed = 00:00:14 . Memory (MB): peak = 2672.828 ; gain = 778.289 ; free physical = 108930 ; free virtual = 128325
Synthesis Optimization Complete : Time (s): cpu = 00:00:14 ; elapsed = 00:00:15 . Memory (MB): peak = 2672.836 ; gain = 885.062 ; free physical = 108930 ; free virtual = 128325
INFO: [Project 1-571] Translating synthesized netlist
Netlist sorting complete. Time (s): cpu = 00:00:00 ; elapsed = 00:00:00 . Memory (MB): peak = 2672.836 ; gain = 0.000 ; free physical = 108930 ; free virtual = 128325
INFO: [Project 1-570] Preparing netlist for logic optimization
INFO: [Opt 31-138] Pushed 0 inverter(s) to 0 load pin(s).
Netlist sorting complete. Time (s): cpu = 00:00:00 ; elapsed = 00:00:00 . Memory (MB): peak = 2728.855 ; gain = 0.000 ; free physical = 109107 ; free virtual = 128500
INFO: [Project 1-111] Unisim Transformation Summary:
No Unisim elements were transformed.

lscpu: bad usage
Try 'lscpu --help' for more information.
Synth Design complete | Checksum: bba61e01
INFO: [Common 17-83] Releasing license: Synthesis
21 Infos, 7 Warnings, 0 Critical Warnings and 0 Errors encountered.
synth_design completed successfully
synth_design: Time (s): cpu = 00:00:19 ; elapsed = 00:00:25 . Memory (MB): peak = 2728.891 ; gain = 1089.180 ; free physical = 109107 ; free virtual = 128500
INFO: [Common 17-2834] synth_design peak Physical Memory [PSS] (MB): overall = 1863.118; main = 1863.118; forked = 276.152
INFO: [Common 17-2834] synth_design peak Virtual Memory [VSS] (MB): overall = 3396.062; main = 2728.859; forked = 964.059
Write ShapeDB Complete: Time (s): cpu = 00:00:00 ; elapsed = 00:00:00 . Memory (MB): peak = 2752.867 ; gain = 0.000 ; free physical = 109107 ; free virtual = 128500
INFO: [Common 17-1381] The checkpoint '/home/ddubon/research/project-mode/Tail Lights/Tail Lights.runs/synth_1/top.dcp' has been generated.
INFO: [Vivado 12-24828] Executing command : report_utilization -file top_utilization_synth.rpt -pb top_utilization_synth.pb
INFO: [Common 17-206] Exiting Vivado at Tue Mar 24 14:15:31 2026...
[Tue Mar 24 14:15:51 2026] synth_1 finished
wait_on_runs: Time (s): cpu = 00:00:29 ; elapsed = 00:00:51 . Memory (MB): peak = 1670.434 ; gain = 0.000 ; free physical = 110732 ; free virtual = 130132
# open_run synth_1
Design is defaulting to impl run constrset: constrs_1
Design is defaulting to synth run part: xc7a100tcsg324-1
INFO: [Device 21-403] Loading part xc7a100tcsg324-1
Netlist sorting complete. Time (s): cpu = 00:00:00 ; elapsed = 00:00:00 . Memory (MB): peak = 1832.457 ; gain = 0.000 ; free physical = 110571 ; free virtual = 129974
INFO: [Project 1-479] Netlist was created with Vivado 2025.1
INFO: [Project 1-570] Preparing netlist for logic optimization
Parsing XDC File [/home/ddubon/research/project-mode/pin_setting.xdc]
Finished Parsing XDC File [/home/ddubon/research/project-mode/pin_setting.xdc]
INFO: [Opt 31-138] Pushed 0 inverter(s) to 0 load pin(s).
Netlist sorting complete. Time (s): cpu = 00:00:00 ; elapsed = 00:00:00 . Memory (MB): peak = 2009.125 ; gain = 0.000 ; free physical = 110463 ; free virtual = 129866
INFO: [Project 1-111] Unisim Transformation Summary:
No Unisim elements were transformed.

# launch_runs impl_1 -to_step write_bitstream
INFO: [Timing 38-480] Writing timing data to binary archive.
Write ShapeDB Complete: Time (s): cpu = 00:00:00 ; elapsed = 00:00:00 . Memory (MB): peak = 2055.016 ; gain = 0.000 ; free physical = 110453 ; free virtual = 129856
Wrote PlaceDB: Time (s): cpu = 00:00:00.01 ; elapsed = 00:00:00 . Memory (MB): peak = 2055.016 ; gain = 0.000 ; free physical = 110453 ; free virtual = 129856
Wrote PulsedLatchDB: Time (s): cpu = 00:00:00 ; elapsed = 00:00:00 . Memory (MB): peak = 2055.016 ; gain = 0.000 ; free physical = 110452 ; free virtual = 129855
Writing XDEF routing.
Writing XDEF routing logical nets.
Writing XDEF routing special nets.
Wrote RouteStorage: Time (s): cpu = 00:00:00.02 ; elapsed = 00:00:00.01 . Memory (MB): peak = 2055.016 ; gain = 0.000 ; free physical = 110452 ; free virtual = 129855
Wrote Netlist Cache: Time (s): cpu = 00:00:00 ; elapsed = 00:00:00 . Memory (MB): peak = 2055.016 ; gain = 0.000 ; free physical = 110452 ; free virtual = 129855
Wrote Device Cache: Time (s): cpu = 00:00:00.01 ; elapsed = 00:00:00 . Memory (MB): peak = 2055.016 ; gain = 0.000 ; free physical = 110451 ; free virtual = 129854
Write Physdb Complete: Time (s): cpu = 00:00:00.04 ; elapsed = 00:00:00.04 . Memory (MB): peak = 2055.016 ; gain = 0.000 ; free physical = 110451 ; free virtual = 129854
[Tue Mar 24 14:15:54 2026] Launched impl_1...
Run output will be captured here: /home/ddubon/research/project-mode/Tail Lights/Tail Lights.runs/impl_1/runme.log
# wait_on_run impl_1
[Tue Mar 24 14:15:54 2026] Waiting for impl_1 to finish...

*** Running vivado
    with args -log top.vdi -applog -m64 -product Vivado -messageDb vivado.pb -mode batch -source top.tcl -notrace


****** Vivado v2025.1 (64-bit)
  **** SW Build 6140274 on Wed May 21 22:58:25 MDT 2025
  **** IP Build 6138677 on Thu May 22 03:10:11 MDT 2025
  **** SharedData Build 6139179 on Tue May 20 17:58:58 MDT 2025
  **** Start of session at: Tue Mar 24 14:15:55 2026
    ** Copyright 1986-2022 Xilinx, Inc. All Rights Reserved.
    ** Copyright 2022-2025 Advanced Micro Devices, Inc. All Rights Reserved.

source top.tcl -notrace
Command: open_checkpoint {/home/ddubon/research/project-mode/Tail Lights/Tail Lights.runs/impl_1/top.dcp}
INFO: [Device 21-403] Loading part xc7a100tcsg324-1
Netlist sorting complete. Time (s): cpu = 00:00:00 ; elapsed = 00:00:00 . Memory (MB): peak = 1802.324 ; gain = 0.000 ; free physical = 109673 ; free virtual = 129074
INFO: [Project 1-479] Netlist was created with Vivado 2025.1
INFO: [Project 1-570] Preparing netlist for logic optimization
Read ShapeDB Complete: Time (s): cpu = 00:00:00 ; elapsed = 00:00:00 . Memory (MB): peak = 1861.199 ; gain = 0.000 ; free physical = 109574 ; free virtual = 128976
INFO: [Timing 38-478] Restoring timing data from binary archive.
INFO: [Timing 38-479] Binary timing data restore complete.
INFO: [Project 1-856] Restoring constraints from binary archive.
INFO: [Project 1-853] Binary constraint restore complete.
INFO: [Designutils 20-5722] Start Reading Physical Databases.
Reading placement.
Read Netlist Cache: Time (s): cpu = 00:00:00 ; elapsed = 00:00:00 . Memory (MB): peak = 2327.832 ; gain = 0.000 ; free physical = 109117 ; free virtual = 128533
Reading placer database...
Read Device Cache: Time (s): cpu = 00:00:00 ; elapsed = 00:00:00 . Memory (MB): peak = 2327.832 ; gain = 0.000 ; free physical = 109117 ; free virtual = 128533
Read PlaceDB: Time (s): cpu = 00:00:00 ; elapsed = 00:00:00 . Memory (MB): peak = 2327.832 ; gain = 0.000 ; free physical = 109117 ; free virtual = 128533
Read PulsedLatchDB: Time (s): cpu = 00:00:00 ; elapsed = 00:00:00 . Memory (MB): peak = 2327.832 ; gain = 0.000 ; free physical = 109117 ; free virtual = 128533
Reading routing.
Read RouteStorage: Time (s): cpu = 00:00:00.01 ; elapsed = 00:00:00 . Memory (MB): peak = 2359.848 ; gain = 32.016 ; free physical = 109117 ; free virtual = 128533
Read Physdb Files: Time (s): cpu = 00:00:00.01 ; elapsed = 00:00:00.01 . Memory (MB): peak = 2359.848 ; gain = 32.016 ; free physical = 109117 ; free virtual = 128533
Restored from archive | CPU: 0.030000 secs | Memory: 1.108398 MB |
Finished XDEF File Restore: Time (s): cpu = 00:00:00.03 ; elapsed = 00:00:00.04 . Memory (MB): peak = 2359.848 ; gain = 38.953 ; free physical = 109117 ; free virtual = 128533
Netlist sorting complete. Time (s): cpu = 00:00:00 ; elapsed = 00:00:00 . Memory (MB): peak = 2359.848 ; gain = 0.000 ; free physical = 109117 ; free virtual = 128533
INFO: [Project 1-111] Unisim Transformation Summary:
No Unisim elements were transformed.

lscpu: bad usage
Try 'lscpu --help' for more information.
INFO: [Project 1-604] Checkpoint was created with Vivado v2025.1 (64-bit) build 6140274
open_checkpoint: Time (s): cpu = 00:00:11 ; elapsed = 00:00:07 . Memory (MB): peak = 2359.883 ; gain = 857.672 ; free physical = 109117 ; free virtual = 128533
Command: opt_design
Attempting to get a license for feature 'Implementation' and/or device 'xc7a100t'
INFO: [Common 17-349] Got license for feature 'Implementation' and/or device 'xc7a100t'
Running DRC as a precondition to command opt_design

Starting DRC Task
INFO: [DRC 23-27] Running DRC with 8 threads
INFO: [Project 1-461] DRC finished with 0 Errors
INFO: [Project 1-462] Please refer to the DRC report (report_drc) for more information.

Time (s): cpu = 00:00:03 ; elapsed = 00:00:00.88 . Memory (MB): peak = 2517.465 ; gain = 157.582 ; free physical = 109020 ; free virtual = 128436

Starting Cache Timing Information Task
INFO: [Timing 38-35] Done setting XDC timing constraints.
Ending Cache Timing Information Task | Checksum: 292ed7887

Time (s): cpu = 00:00:00.01 ; elapsed = 00:00:00.01 . Memory (MB): peak = 2517.465 ; gain = 0.000 ; free physical = 109020 ; free virtual = 128436

Starting Logic Optimization Task

Phase 1 Initialization

Phase 1.1 Core Generation And Design Setup
Phase 1.1 Core Generation And Design Setup | Checksum: 292ed7887

Time (s): cpu = 00:00:00.01 ; elapsed = 00:00:00 . Memory (MB): peak = 2811.363 ; gain = 0.000 ; free physical = 108710 ; free virtual = 128128

Phase 1.2 Setup Constraints And Sort Netlist
Phase 1.2 Setup Constraints And Sort Netlist | Checksum: 292ed7887

Time (s): cpu = 00:00:00.01 ; elapsed = 00:00:00.01 . Memory (MB): peak = 2811.363 ; gain = 0.000 ; free physical = 108710 ; free virtual = 128128
Phase 1 Initialization | Checksum: 292ed7887

Time (s): cpu = 00:00:00.01 ; elapsed = 00:00:00.01 . Memory (MB): peak = 2811.363 ; gain = 0.000 ; free physical = 108710 ; free virtual = 128128

Phase 2 Timer Update And Timing Data Collection

Phase 2.1 Timer Update
Phase 2.1 Timer Update | Checksum: 292ed7887

Time (s): cpu = 00:00:00.01 ; elapsed = 00:00:00.01 . Memory (MB): peak = 2811.363 ; gain = 0.000 ; free physical = 108710 ; free virtual = 128128

Phase 2.2 Timing Data Collection
Phase 2.2 Timing Data Collection | Checksum: 292ed7887

Time (s): cpu = 00:00:00.01 ; elapsed = 00:00:00.03 . Memory (MB): peak = 2811.363 ; gain = 0.000 ; free physical = 108710 ; free virtual = 128128
Phase 2 Timer Update And Timing Data Collection | Checksum: 292ed7887

Time (s): cpu = 00:00:00.01 ; elapsed = 00:00:00.03 . Memory (MB): peak = 2811.363 ; gain = 0.000 ; free physical = 108710 ; free virtual = 128128

Phase 3 Retarget
INFO: [Opt 31-1851] Number of loadless carry chains removed were: 0
INFO: [Opt 31-1834] Total Chains To Be Transformed Were: 0 AND Number of Transformed insts Created are: 0
INFO: [Opt 31-138] Pushed 0 inverter(s) to 0 load pin(s).
INFO: [Opt 31-49] Retargeted 0 cell(s).
Phase 3 Retarget | Checksum: 292ed7887

Time (s): cpu = 00:00:00.03 ; elapsed = 00:00:00.04 . Memory (MB): peak = 2811.363 ; gain = 0.000 ; free physical = 108710 ; free virtual = 128128
Retarget | Checksum: 292ed7887
INFO: [Opt 31-389] Phase Retarget created 0 cells and removed 0 cells

Phase 4 Constant propagation
INFO: [Opt 31-138] Pushed 0 inverter(s) to 0 load pin(s).
Phase 4 Constant propagation | Checksum: 292ed7887

Time (s): cpu = 00:00:00.03 ; elapsed = 00:00:00.05 . Memory (MB): peak = 2811.363 ; gain = 0.000 ; free physical = 108710 ; free virtual = 128128
Constant propagation | Checksum: 292ed7887
INFO: [Opt 31-389] Phase Constant propagation created 0 cells and removed 0 cells

Phase 5 Sweep
INFO: [Constraints 18-11670] Building netlist checker database with flags, 0x8
Done building netlist checker database: Time (s): cpu = 00:00:00 ; elapsed = 00:00:00 . Memory (MB): peak = 2811.363 ; gain = 0.000 ; free physical = 108710 ; free virtual = 128128
Phase 5 Sweep | Checksum: 292ed7887

Time (s): cpu = 00:00:00.03 ; elapsed = 00:00:00.05 . Memory (MB): peak = 2811.363 ; gain = 0.000 ; free physical = 108710 ; free virtual = 128128
Sweep | Checksum: 292ed7887
INFO: [Opt 31-389] Phase Sweep created 0 cells and removed 0 cells

Phase 6 BUFG optimization
Phase 6 BUFG optimization | Checksum: 292ed7887

Time (s): cpu = 00:00:00.03 ; elapsed = 00:00:00.05 . Memory (MB): peak = 2843.379 ; gain = 32.016 ; free physical = 108710 ; free virtual = 128128
BUFG optimization | Checksum: 292ed7887
INFO: [Opt 31-662] Phase BUFG optimization created 0 cells of which 0 are BUFGs and removed 0 cells.

Phase 7 Shift Register Optimization
INFO: [Opt 31-1064] SRL Remap converted 0 SRLs to 0 registers and converted 0 registers of register chains to 0 SRLs
Phase 7 Shift Register Optimization | Checksum: 292ed7887

Time (s): cpu = 00:00:00.04 ; elapsed = 00:00:00.05 . Memory (MB): peak = 2843.379 ; gain = 32.016 ; free physical = 108710 ; free virtual = 128128
Shift Register Optimization | Checksum: 292ed7887
INFO: [Opt 31-389] Phase Shift Register Optimization created 0 cells and removed 0 cells

Phase 8 Post Processing Netlist
Phase 8 Post Processing Netlist | Checksum: 292ed7887

Time (s): cpu = 00:00:00.04 ; elapsed = 00:00:00.05 . Memory (MB): peak = 2843.379 ; gain = 32.016 ; free physical = 108710 ; free virtual = 128128
Post Processing Netlist | Checksum: 292ed7887
INFO: [Opt 31-389] Phase Post Processing Netlist created 0 cells and removed 0 cells

Phase 9 Finalization

Phase 9.1 Finalizing Design Cores and Updating Shapes
Phase 9.1 Finalizing Design Cores and Updating Shapes | Checksum: 292ed7887

Time (s): cpu = 00:00:00.04 ; elapsed = 00:00:00.05 . Memory (MB): peak = 2843.379 ; gain = 32.016 ; free physical = 108710 ; free virtual = 128128

Phase 9.2 Verifying Netlist Connectivity

Starting Connectivity Check Task

Time (s): cpu = 00:00:00 ; elapsed = 00:00:00.01 . Memory (MB): peak = 2843.379 ; gain = 0.000 ; free physical = 108710 ; free virtual = 128128
Phase 9.2 Verifying Netlist Connectivity | Checksum: 292ed7887

Time (s): cpu = 00:00:00.04 ; elapsed = 00:00:00.06 . Memory (MB): peak = 2843.379 ; gain = 32.016 ; free physical = 108710 ; free virtual = 128128
Phase 9 Finalization | Checksum: 292ed7887

Time (s): cpu = 00:00:00.04 ; elapsed = 00:00:00.06 . Memory (MB): peak = 2843.379 ; gain = 32.016 ; free physical = 108710 ; free virtual = 128128
Opt_design Change Summary
=========================


-------------------------------------------------------------------------------------------------------------------------
|  Phase                        |  #Cells created  |  #Cells Removed  |  #Constrained objects preventing optimizations  |
-------------------------------------------------------------------------------------------------------------------------
|  Retarget                     |               0  |               0  |                                              0  |
|  Constant propagation         |               0  |               0  |                                              0  |
|  Sweep                        |               0  |               0  |                                              0  |
|  BUFG optimization            |               0  |               0  |                                              0  |
|  Shift Register Optimization  |               0  |               0  |                                              0  |
|  Post Processing Netlist      |               0  |               0  |                                              0  |
-------------------------------------------------------------------------------------------------------------------------


Ending Logic Optimization Task | Checksum: 292ed7887

Time (s): cpu = 00:00:00.04 ; elapsed = 00:00:00.06 . Memory (MB): peak = 2843.379 ; gain = 32.016 ; free physical = 108710 ; free virtual = 128128

Starting Power Optimization Task
INFO: [Pwropt 34-132] Skipping clock gating for clocks with a period < 2.00 ns.
Ending Power Optimization Task | Checksum: 292ed7887

Time (s): cpu = 00:00:00 ; elapsed = 00:00:00.01 . Memory (MB): peak = 2843.379 ; gain = 0.000 ; free physical = 108710 ; free virtual = 128128

Starting Final Cleanup Task
Ending Final Cleanup Task | Checksum: 292ed7887

Time (s): cpu = 00:00:00 ; elapsed = 00:00:00 . Memory (MB): peak = 2843.379 ; gain = 0.000 ; free physical = 108710 ; free virtual = 128128

Starting Netlist Obfuscation Task
Netlist sorting complete. Time (s): cpu = 00:00:00 ; elapsed = 00:00:00 . Memory (MB): peak = 2843.379 ; gain = 0.000 ; free physical = 108710 ; free virtual = 128128
Ending Netlist Obfuscation Task | Checksum: 292ed7887

Time (s): cpu = 00:00:00 ; elapsed = 00:00:00 . Memory (MB): peak = 2843.379 ; gain = 0.000 ; free physical = 108710 ; free virtual = 128128
INFO: [Common 17-83] Releasing license: Implementation
30 Infos, 0 Warnings, 0 Critical Warnings and 0 Errors encountered.
opt_design completed successfully
INFO: [Vivado 12-24828] Executing command : report_drc -file top_drc_opted.rpt -pb top_drc_opted.pb -rpx top_drc_opted.rpx
Command: report_drc -file top_drc_opted.rpt -pb top_drc_opted.pb -rpx top_drc_opted.rpx
INFO: [IP_Flow 19-234] Refreshing IP repositories
INFO: [IP_Flow 19-1704] No user IP repositories specified
INFO: [IP_Flow 19-2313] Loaded Vivado IP repository '/media/drive2/Xilinx/2025.1/Vivado/data/ip'.
INFO: [DRC 23-27] Running DRC with 8 threads
INFO: [Vivado_Tcl 2-168] The results of DRC are in file /home/ddubon/research/project-mode/Tail Lights/Tail Lights.runs/impl_1/top_drc_opted.rpt.
report_drc completed successfully
INFO: [Timing 38-480] Writing timing data to binary archive.
Write ShapeDB Complete: Time (s): cpu = 00:00:00 ; elapsed = 00:00:00 . Memory (MB): peak = 2917.551 ; gain = 0.000 ; free physical = 108658 ; free virtual = 128081
Wrote PlaceDB: Time (s): cpu = 00:00:00.01 ; elapsed = 00:00:00 . Memory (MB): peak = 2917.551 ; gain = 0.000 ; free physical = 108658 ; free virtual = 128081
Wrote PulsedLatchDB: Time (s): cpu = 00:00:00 ; elapsed = 00:00:00 . Memory (MB): peak = 2917.551 ; gain = 0.000 ; free physical = 108658 ; free virtual = 128081
Writing XDEF routing.
Writing XDEF routing logical nets.
Writing XDEF routing special nets.
Wrote RouteStorage: Time (s): cpu = 00:00:00.02 ; elapsed = 00:00:00.01 . Memory (MB): peak = 2917.551 ; gain = 0.000 ; free physical = 108658 ; free virtual = 128081
Wrote Netlist Cache: Time (s): cpu = 00:00:00 ; elapsed = 00:00:00 . Memory (MB): peak = 2917.551 ; gain = 0.000 ; free physical = 108658 ; free virtual = 128081
Wrote Device Cache: Time (s): cpu = 00:00:00.01 ; elapsed = 00:00:00 . Memory (MB): peak = 2917.551 ; gain = 0.000 ; free physical = 108658 ; free virtual = 128080
Write Physdb Complete: Time (s): cpu = 00:00:00.04 ; elapsed = 00:00:00.01 . Memory (MB): peak = 2917.551 ; gain = 0.000 ; free physical = 108658 ; free virtual = 128081
INFO: [Common 17-1381] The checkpoint '/home/ddubon/research/project-mode/Tail Lights/Tail Lights.runs/impl_1/top_opt.dcp' has been generated.
Command: place_design
Attempting to get a license for feature 'Implementation' and/or device 'xc7a100t'
INFO: [Common 17-349] Got license for feature 'Implementation' and/or device 'xc7a100t'
INFO: [Common 17-83] Releasing license: Implementation
INFO: [DRC 23-27] Running DRC with 8 threads
INFO: [Vivado_Tcl 4-198] DRC finished with 0 Errors
INFO: [Vivado_Tcl 4-199] Please refer to the DRC report (report_drc) for more information.
Running DRC as a precondition to command place_design
INFO: [DRC 23-27] Running DRC with 8 threads
INFO: [Vivado_Tcl 4-198] DRC finished with 0 Errors
INFO: [Vivado_Tcl 4-199] Please refer to the DRC report (report_drc) for more information.
INFO: [Place 30-611] Multithreading enabled for place_design using a maximum of 8 CPUs

Starting Placer Task

Phase 1 Placer Initialization

Phase 1.1 Placer Initialization Netlist Sorting
Netlist sorting complete. Time (s): cpu = 00:00:00 ; elapsed = 00:00:00 . Memory (MB): peak = 2934.395 ; gain = 0.000 ; free physical = 108611 ; free virtual = 128034
Phase 1.1 Placer Initialization Netlist Sorting | Checksum: 1d7475a86

Time (s): cpu = 00:00:00 ; elapsed = 00:00:00.01 . Memory (MB): peak = 2934.395 ; gain = 0.000 ; free physical = 108611 ; free virtual = 128034
Netlist sorting complete. Time (s): cpu = 00:00:00 ; elapsed = 00:00:00 . Memory (MB): peak = 2934.395 ; gain = 0.000 ; free physical = 108611 ; free virtual = 128034

Phase 1.2 IO Placement/ Clock Placement/ Build Placer Device
INFO: [Timing 38-35] Done setting XDC timing constraints.
WARNING: [Place 30-87] Partially locked IO Bus is found. Following components of the IO Bus btn are not locked:  'btn[2]'  'btn[1]'  'btn[0]' 
Phase 1.2 IO Placement/ Clock Placement/ Build Placer Device | Checksum: 18a3204cd

Time (s): cpu = 00:00:00.28 ; elapsed = 00:00:00.14 . Memory (MB): peak = 2990.422 ; gain = 56.027 ; free physical = 108609 ; free virtual = 128032

Phase 1.3 Build Placer Netlist Model
Phase 1.3 Build Placer Netlist Model | Checksum: 27e93eb6d

Time (s): cpu = 00:00:00.42 ; elapsed = 00:00:00.19 . Memory (MB): peak = 3022.438 ; gain = 88.043 ; free physical = 108608 ; free virtual = 128031

Phase 1.4 Constrain Clocks/Macros
Phase 1.4 Constrain Clocks/Macros | Checksum: 27e93eb6d

Time (s): cpu = 00:00:00.42 ; elapsed = 00:00:00.19 . Memory (MB): peak = 3022.438 ; gain = 88.043 ; free physical = 108608 ; free virtual = 128031
Phase 1 Placer Initialization | Checksum: 27e93eb6d

Time (s): cpu = 00:00:00.43 ; elapsed = 00:00:00.19 . Memory (MB): peak = 3022.438 ; gain = 88.043 ; free physical = 108608 ; free virtual = 128031

Phase 2 Global Placement

Phase 2.1 Floorplanning
Phase 2.1 Floorplanning | Checksum: 1dd0a34d0

Time (s): cpu = 00:00:00.51 ; elapsed = 00:00:00.21 . Memory (MB): peak = 3022.438 ; gain = 88.043 ; free physical = 108606 ; free virtual = 128029

Phase 2.2 Update Timing before SLR Path Opt
Phase 2.2 Update Timing before SLR Path Opt | Checksum: 1d2cd8c1f

Time (s): cpu = 00:00:00.56 ; elapsed = 00:00:00.22 . Memory (MB): peak = 3022.438 ; gain = 88.043 ; free physical = 108607 ; free virtual = 128030

Phase 2.3 Post-Processing in Floorplanning
Phase 2.3 Post-Processing in Floorplanning | Checksum: 1d2cd8c1f

Time (s): cpu = 00:00:00.57 ; elapsed = 00:00:00.22 . Memory (MB): peak = 3022.438 ; gain = 88.043 ; free physical = 108607 ; free virtual = 128030

Phase 2.4 Global Place Phase1
Phase 2.4 Global Place Phase1 | Checksum: 1d87d84cb

Time (s): cpu = 00:00:01 ; elapsed = 00:00:00.34 . Memory (MB): peak = 3030.441 ; gain = 96.047 ; free physical = 108594 ; free virtual = 128017

Phase 2.5 Global Place Phase2

Phase 2.5.1 UpdateTiming Before Physical Synthesis
Phase 2.5.1 UpdateTiming Before Physical Synthesis | Checksum: 1d87d84cb

Time (s): cpu = 00:00:01 ; elapsed = 00:00:00.34 . Memory (MB): peak = 3030.441 ; gain = 96.047 ; free physical = 108594 ; free virtual = 128016

Phase 2.5.2 Physical Synthesis In Placer
INFO: [Physopt 32-1044] Break lutnm for timing: one critical 0, two critical 0, total 0, new lutff created 0
INFO: [Physopt 32-1138] End 1 Pass. Optimized 0 net or LUT. Breaked 0 LUT, combined 0 existing LUT and moved 0 existing LUT
INFO: [Physopt 32-65] No nets found for high-fanout optimization.
INFO: [Physopt 32-232] Optimized 0 net. Created 0 new instance.
INFO: [Physopt 32-775] End 1 Pass. Optimized 0 net or cell. Created 0 new cell, deleted 0 existing cell and moved 0 existing cell
INFO: [Physopt 32-670] No setup violation found.  DSP Register Optimization was not performed.
INFO: [Physopt 32-670] No setup violation found.  Shift Register to Pipeline Optimization was not performed.
INFO: [Physopt 32-670] No setup violation found.  Shift Register Optimization was not performed.
INFO: [Physopt 32-670] No setup violation found.  BRAM Register Optimization was not performed.
INFO: [Physopt 32-670] No setup violation found.  URAM Register Optimization was not performed.
INFO: [Physopt 32-949] No candidate nets found for dynamic/static region interface net replication
INFO: [Physopt 32-775] End 1 Pass. Optimized 0 net or cell. Created 0 new cell, deleted 0 existing cell and moved 0 existing cell
Netlist sorting complete. Time (s): cpu = 00:00:00 ; elapsed = 00:00:00 . Memory (MB): peak = 3030.441 ; gain = 0.000 ; free physical = 108594 ; free virtual = 128020

Summary of Physical Synthesis Optimizations
============================================


-----------------------------------------------------------------------------------------------------------------------------------------------------------
|  Optimization                                     |  Added Cells  |  Removed Cells  |  Optimized Cells/Nets  |  Dont Touch  |  Iterations  |  Elapsed   |
-----------------------------------------------------------------------------------------------------------------------------------------------------------
|  LUT Combining                                    |            0  |              0  |                     0  |           0  |           1  |  00:00:00  |
|  Retime                                           |            0  |              0  |                     0  |           0  |           1  |  00:00:00  |
|  Very High Fanout                                 |            0  |              0  |                     0  |           0  |           1  |  00:00:00  |
|  DSP Register                                     |            0  |              0  |                     0  |           0  |           0  |  00:00:00  |
|  Shift Register to Pipeline                       |            0  |              0  |                     0  |           0  |           0  |  00:00:00  |
|  Shift Register                                   |            0  |              0  |                     0  |           0  |           0  |  00:00:00  |
|  BRAM Register                                    |            0  |              0  |                     0  |           0  |           0  |  00:00:00  |
|  URAM Register                                    |            0  |              0  |                     0  |           0  |           0  |  00:00:00  |
|  Dynamic/Static Region Interface Net Replication  |            0  |              0  |                     0  |           0  |           1  |  00:00:00  |
|  Total                                            |            0  |              0  |                     0  |           0  |           4  |  00:00:00  |
-----------------------------------------------------------------------------------------------------------------------------------------------------------


Phase 2.5.2 Physical Synthesis In Placer | Checksum: 1d87d84cb

Time (s): cpu = 00:00:01 ; elapsed = 00:00:00.53 . Memory (MB): peak = 3030.441 ; gain = 96.047 ; free physical = 108594 ; free virtual = 128020
Phase 2.5 Global Place Phase2 | Checksum: 1dfc6e6f0

Time (s): cpu = 00:00:01 ; elapsed = 00:00:00.57 . Memory (MB): peak = 3030.441 ; gain = 96.047 ; free physical = 108594 ; free virtual = 128020
Phase 2 Global Placement | Checksum: 1dfc6e6f0

Time (s): cpu = 00:00:01 ; elapsed = 00:00:00.57 . Memory (MB): peak = 3030.441 ; gain = 96.047 ; free physical = 108594 ; free virtual = 128020

Phase 3 Detail Placement

Phase 3.1 Commit Multi Column Macros
Phase 3.1 Commit Multi Column Macros | Checksum: 25752f17f

Time (s): cpu = 00:00:01 ; elapsed = 00:00:00.58 . Memory (MB): peak = 3030.441 ; gain = 96.047 ; free physical = 108594 ; free virtual = 128020

Phase 3.2 Commit Most Macros & LUTRAMs
Phase 3.2 Commit Most Macros & LUTRAMs | Checksum: 250659f61

Time (s): cpu = 00:00:01 ; elapsed = 00:00:00.59 . Memory (MB): peak = 3030.441 ; gain = 96.047 ; free physical = 108594 ; free virtual = 128020

Phase 3.3 Area Swap Optimization
Phase 3.3 Area Swap Optimization | Checksum: 201d08eea

Time (s): cpu = 00:00:01 ; elapsed = 00:00:00.59 . Memory (MB): peak = 3030.441 ; gain = 96.047 ; free physical = 108594 ; free virtual = 128020

Phase 3.4 Pipeline Register Optimization
Phase 3.4 Pipeline Register Optimization | Checksum: 201d08eea

Time (s): cpu = 00:00:01 ; elapsed = 00:00:00.59 . Memory (MB): peak = 3030.441 ; gain = 96.047 ; free physical = 108594 ; free virtual = 128020

Phase 3.5 Small Shape Detail Placement
Phase 3.5 Small Shape Detail Placement | Checksum: 13ba3cd2e

Time (s): cpu = 00:00:02 ; elapsed = 00:00:00.67 . Memory (MB): peak = 3030.441 ; gain = 96.047 ; free physical = 108589 ; free virtual = 128015

Phase 3.6 Re-assign LUT pins
Phase 3.6 Re-assign LUT pins | Checksum: 13ba3cd2e

Time (s): cpu = 00:00:02 ; elapsed = 00:00:00.67 . Memory (MB): peak = 3030.441 ; gain = 96.047 ; free physical = 108589 ; free virtual = 128015

Phase 3.7 Pipeline Register Optimization
Phase 3.7 Pipeline Register Optimization | Checksum: 13ba3cd2e

Time (s): cpu = 00:00:02 ; elapsed = 00:00:00.67 . Memory (MB): peak = 3030.441 ; gain = 96.047 ; free physical = 108589 ; free virtual = 128015
Phase 3 Detail Placement | Checksum: 13ba3cd2e

Time (s): cpu = 00:00:02 ; elapsed = 00:00:00.67 . Memory (MB): peak = 3030.441 ; gain = 96.047 ; free physical = 108589 ; free virtual = 128015

Phase 4 Post Placement Optimization and Clean-Up

Phase 4.1 Post Commit Optimization
INFO: [Timing 38-35] Done setting XDC timing constraints.

Phase 4.1.1 Post Placement Optimization
Post Placement Optimization Initialization | Checksum: 2404738d9

Phase 4.1.1.1 BUFG Insertion

Starting Physical Synthesis Task

Phase 1 Physical Synthesis Initialization
INFO: [Physopt 32-721] Multithreading enabled for phys_opt_design using a maximum of 8 CPUs
INFO: [Physopt 32-619] Estimated Timing Summary | WNS=8.267 | TNS=0.000 |
Phase 1 Physical Synthesis Initialization | Checksum: 1e792bffa

Time (s): cpu = 00:00:00.02 ; elapsed = 00:00:00 . Memory (MB): peak = 3030.441 ; gain = 0.000 ; free physical = 108589 ; free virtual = 128015
INFO: [Place 46-56] BUFG insertion identified 0 candidate nets. Inserted BUFG: 0, Replicated BUFG Driver: 0, Skipped due to Placement/Routing Conflicts: 0, Skipped due to Timing Degradation: 0, Skipped due to netlist editing failed: 0.
Ending Physical Synthesis Task | Checksum: 22f311ba5

Time (s): cpu = 00:00:00.02 ; elapsed = 00:00:00 . Memory (MB): peak = 3030.441 ; gain = 0.000 ; free physical = 108589 ; free virtual = 128015
Phase 4.1.1.1 BUFG Insertion | Checksum: 2404738d9

Time (s): cpu = 00:00:02 ; elapsed = 00:00:00.72 . Memory (MB): peak = 3030.441 ; gain = 96.047 ; free physical = 108589 ; free virtual = 128015

Phase 4.1.1.2 Post Placement Timing Optimization
INFO: [Place 30-746] Post Placement Timing Summary WNS=8.267. For the most accurate timing information please run report_timing.
Phase 4.1.1.2 Post Placement Timing Optimization | Checksum: 1c388a734

Time (s): cpu = 00:00:02 ; elapsed = 00:00:00.72 . Memory (MB): peak = 3030.441 ; gain = 96.047 ; free physical = 108589 ; free virtual = 128015

Time (s): cpu = 00:00:02 ; elapsed = 00:00:00.72 . Memory (MB): peak = 3030.441 ; gain = 96.047 ; free physical = 108589 ; free virtual = 128015
Phase 4.1 Post Commit Optimization | Checksum: 1c388a734

Time (s): cpu = 00:00:02 ; elapsed = 00:00:00.72 . Memory (MB): peak = 3030.441 ; gain = 96.047 ; free physical = 108589 ; free virtual = 128015

Phase 4.2 Post Placement Cleanup
Phase 4.2 Post Placement Cleanup | Checksum: 1c388a734

Time (s): cpu = 00:00:02 ; elapsed = 00:00:00.72 . Memory (MB): peak = 3030.441 ; gain = 96.047 ; free physical = 108589 ; free virtual = 128015

Phase 4.3 Placer Reporting

Phase 4.3.1 Print Estimated Congestion
INFO: [Place 30-612] Post-Placement Estimated Congestion 
 ____________________________________________________
|           | Global Congestion | Short Congestion  |
| Direction | Region Size       | Region Size       |
|___________|___________________|___________________|
|      North|                1x1|                1x1|
|___________|___________________|___________________|
|      South|                1x1|                1x1|
|___________|___________________|___________________|
|       East|                1x1|                1x1|
|___________|___________________|___________________|
|       West|                1x1|                1x1|
|___________|___________________|___________________|

Phase 4.3.1 Print Estimated Congestion | Checksum: 1c388a734

Time (s): cpu = 00:00:02 ; elapsed = 00:00:00.72 . Memory (MB): peak = 3030.441 ; gain = 96.047 ; free physical = 108589 ; free virtual = 128014
Phase 4.3 Placer Reporting | Checksum: 1c388a734

Time (s): cpu = 00:00:02 ; elapsed = 00:00:00.72 . Memory (MB): peak = 3030.441 ; gain = 96.047 ; free physical = 108589 ; free virtual = 128014

Phase 4.4 Final Placement Cleanup
Netlist sorting complete. Time (s): cpu = 00:00:00 ; elapsed = 00:00:00 . Memory (MB): peak = 3030.441 ; gain = 0.000 ; free physical = 108589 ; free virtual = 128014

Time (s): cpu = 00:00:02 ; elapsed = 00:00:00.72 . Memory (MB): peak = 3030.441 ; gain = 96.047 ; free physical = 108589 ; free virtual = 128014
Phase 4 Post Placement Optimization and Clean-Up | Checksum: 23aa9b7ae

Time (s): cpu = 00:00:02 ; elapsed = 00:00:00.72 . Memory (MB): peak = 3030.441 ; gain = 96.047 ; free physical = 108589 ; free virtual = 128014
Ending Placer Task | Checksum: 1eaac0e1e

Time (s): cpu = 00:00:02 ; elapsed = 00:00:00.73 . Memory (MB): peak = 3030.441 ; gain = 96.047 ; free physical = 108589 ; free virtual = 128014
66 Infos, 1 Warnings, 0 Critical Warnings and 0 Errors encountered.
place_design completed successfully
INFO: [Vivado 12-24838] Running report commands "report_control_sets, report_io, report_utilization" in parallel.
Running report generation with 3 threads.
INFO: [Vivado 12-24828] Executing command : report_control_sets -verbose -file top_control_sets_placed.rpt
report_control_sets: Time (s): cpu = 00:00:00.03 ; elapsed = 00:00:00.08 . Memory (MB): peak = 3030.441 ; gain = 0.000 ; free physical = 108573 ; free virtual = 127999
INFO: [Vivado 12-24828] Executing command : report_utilization -file top_utilization_placed.rpt -pb top_utilization_placed.pb
INFO: [Vivado 12-24828] Executing command : report_io -file top_io_placed.rpt
report_io: Time (s): cpu = 00:00:00.11 ; elapsed = 00:00:00.19 . Memory (MB): peak = 3030.441 ; gain = 0.000 ; free physical = 108591 ; free virtual = 128017
INFO: [Timing 38-480] Writing timing data to binary archive.
Write ShapeDB Complete: Time (s): cpu = 00:00:00 ; elapsed = 00:00:00 . Memory (MB): peak = 3030.441 ; gain = 0.000 ; free physical = 108591 ; free virtual = 128017
Wrote PlaceDB: Time (s): cpu = 00:00:00 ; elapsed = 00:00:00 . Memory (MB): peak = 3030.441 ; gain = 0.000 ; free physical = 108590 ; free virtual = 128016
Wrote PulsedLatchDB: Time (s): cpu = 00:00:00 ; elapsed = 00:00:00 . Memory (MB): peak = 3030.441 ; gain = 0.000 ; free physical = 108590 ; free virtual = 128016
Writing XDEF routing.
Writing XDEF routing logical nets.
Writing XDEF routing special nets.
Wrote RouteStorage: Time (s): cpu = 00:00:00.02 ; elapsed = 00:00:00.01 . Memory (MB): peak = 3030.441 ; gain = 0.000 ; free physical = 108590 ; free virtual = 128016
Wrote Netlist Cache: Time (s): cpu = 00:00:00 ; elapsed = 00:00:00 . Memory (MB): peak = 3030.441 ; gain = 0.000 ; free physical = 108590 ; free virtual = 128016
Wrote Device Cache: Time (s): cpu = 00:00:00.01 ; elapsed = 00:00:00 . Memory (MB): peak = 3030.441 ; gain = 0.000 ; free physical = 108589 ; free virtual = 128016
Write Physdb Complete: Time (s): cpu = 00:00:00.03 ; elapsed = 00:00:00.01 . Memory (MB): peak = 3030.441 ; gain = 0.000 ; free physical = 108589 ; free virtual = 128016
INFO: [Common 17-1381] The checkpoint '/home/ddubon/research/project-mode/Tail Lights/Tail Lights.runs/impl_1/top_placed.dcp' has been generated.
Command: phys_opt_design
Attempting to get a license for feature 'Implementation' and/or device 'xc7a100t'
INFO: [Common 17-349] Got license for feature 'Implementation' and/or device 'xc7a100t'

Starting Initial Update Timing Task

Time (s): cpu = 00:00:00.01 ; elapsed = 00:00:00.01 . Memory (MB): peak = 3030.441 ; gain = 0.000 ; free physical = 108591 ; free virtual = 128017
INFO: [Vivado_Tcl 4-2279] Estimated Timing Summary | WNS= 8.267 | TNS= 0.000 | 
INFO: [Vivado_Tcl 4-383] Design worst setup slack (WNS) is greater than or equal to 0.000 ns. All physical synthesis setup optimizations will be skipped.
INFO: [Vivado_Tcl 4-232] No setup violation found. The netlist was not modified.
INFO: [Common 17-83] Releasing license: Implementation
77 Infos, 1 Warnings, 0 Critical Warnings and 0 Errors encountered.
phys_opt_design completed successfully
INFO: [Timing 38-480] Writing timing data to binary archive.
Write ShapeDB Complete: Time (s): cpu = 00:00:00 ; elapsed = 00:00:00 . Memory (MB): peak = 3030.441 ; gain = 0.000 ; free physical = 108591 ; free virtual = 128017
Wrote PlaceDB: Time (s): cpu = 00:00:00.01 ; elapsed = 00:00:00 . Memory (MB): peak = 3030.441 ; gain = 0.000 ; free physical = 108591 ; free virtual = 128017
Wrote PulsedLatchDB: Time (s): cpu = 00:00:00 ; elapsed = 00:00:00 . Memory (MB): peak = 3030.441 ; gain = 0.000 ; free physical = 108591 ; free virtual = 128017
Writing XDEF routing.
Writing XDEF routing logical nets.
Writing XDEF routing special nets.
Wrote RouteStorage: Time (s): cpu = 00:00:00.02 ; elapsed = 00:00:00.01 . Memory (MB): peak = 3030.441 ; gain = 0.000 ; free physical = 108591 ; free virtual = 128017
Wrote Netlist Cache: Time (s): cpu = 00:00:00 ; elapsed = 00:00:00 . Memory (MB): peak = 3030.441 ; gain = 0.000 ; free physical = 108591 ; free virtual = 128017
Wrote Device Cache: Time (s): cpu = 00:00:00 ; elapsed = 00:00:00.01 . Memory (MB): peak = 3030.441 ; gain = 0.000 ; free physical = 108590 ; free virtual = 128017
Write Physdb Complete: Time (s): cpu = 00:00:00.03 ; elapsed = 00:00:00.02 . Memory (MB): peak = 3030.441 ; gain = 0.000 ; free physical = 108590 ; free virtual = 128017
INFO: [Common 17-1381] The checkpoint '/home/ddubon/research/project-mode/Tail Lights/Tail Lights.runs/impl_1/top_physopt.dcp' has been generated.
Command: route_design
Attempting to get a license for feature 'Implementation' and/or device 'xc7a100t'
INFO: [Common 17-349] Got license for feature 'Implementation' and/or device 'xc7a100t'


Starting Routing Task
INFO: [Route 35-254] Multithreading enabled for route_design using a maximum of 8 CPUs

Phase 1 Build RT Design
Checksum: PlaceDB: 6288374a ConstDB: 0 ShapeSum: d651773e RouteDB: b1d25f96
Post Restoration Checksum: NetGraph: ab2d9fd9 | NumContArr: 8fb5233e | Constraints: c2a8fa9d | Timing: c2a8fa9d
Phase 1 Build RT Design | Checksum: 2c034b851

Time (s): cpu = 00:00:16 ; elapsed = 00:00:13 . Memory (MB): peak = 3108.383 ; gain = 77.941 ; free physical = 108455 ; free virtual = 127881

Phase 2 Router Initialization

Phase 2.1 Fix Topology Constraints
Phase 2.1 Fix Topology Constraints | Checksum: 2c034b851

Time (s): cpu = 00:00:16 ; elapsed = 00:00:13 . Memory (MB): peak = 3108.383 ; gain = 77.941 ; free physical = 108455 ; free virtual = 127881

Phase 2.2 Pre Route Cleanup
Phase 2.2 Pre Route Cleanup | Checksum: 2c034b851

Time (s): cpu = 00:00:16 ; elapsed = 00:00:13 . Memory (MB): peak = 3108.383 ; gain = 77.941 ; free physical = 108455 ; free virtual = 127881
 Number of Nodes with overlaps = 0

Phase 2.3 Update Timing
Phase 2.3 Update Timing | Checksum: 274be8d12

Time (s): cpu = 00:00:16 ; elapsed = 00:00:14 . Memory (MB): peak = 3137.586 ; gain = 107.145 ; free physical = 108424 ; free virtual = 127851
INFO: [Route 35-416] Intermediate Timing Summary | WNS=8.205  | TNS=0.000  | WHS=-0.018 | THS=-0.034 |


Phase 2.4 Soft Constraint Pins - Fast Budgeting
Phase 2.4 Soft Constraint Pins - Fast Budgeting | Checksum: 27209fda2

Time (s): cpu = 00:00:16 ; elapsed = 00:00:14 . Memory (MB): peak = 3145.586 ; gain = 115.145 ; free physical = 108424 ; free virtual = 127851

Router Utilization Summary
  Global Vertical Routing Utilization    = 0 %
  Global Horizontal Routing Utilization  = 0 %
  Routable Net Status*
  *Does not include unroutable nets such as driverless and loadless.
  Run report_route_status for detailed report.
  Number of Failed Nets               = 10
    (Failed Nets is the sum of unrouted and partially routed nets)
  Number of Unrouted Nets             = 10
  Number of Partially Routed Nets     = 0
  Number of Node Overlaps             = 0

Phase 2 Router Initialization | Checksum: 27209fda2

Time (s): cpu = 00:00:17 ; elapsed = 00:00:14 . Memory (MB): peak = 3145.586 ; gain = 115.145 ; free physical = 108424 ; free virtual = 127851

Phase 3 Global Routing
Phase 3 Global Routing | Checksum: 27209fda2

Time (s): cpu = 00:00:17 ; elapsed = 00:00:14 . Memory (MB): peak = 3145.586 ; gain = 115.145 ; free physical = 108424 ; free virtual = 127851

Phase 4 Initial Routing

Phase 4.1 Initial Net Routing Pass
Phase 4.1 Initial Net Routing Pass | Checksum: 26a5bc523

Time (s): cpu = 00:00:17 ; elapsed = 00:00:14 . Memory (MB): peak = 3145.586 ; gain = 115.145 ; free physical = 108424 ; free virtual = 127851
Phase 4 Initial Routing | Checksum: 26a5bc523

Time (s): cpu = 00:00:17 ; elapsed = 00:00:14 . Memory (MB): peak = 3145.586 ; gain = 115.145 ; free physical = 108424 ; free virtual = 127851

Phase 5 Rip-up And Reroute

Phase 5.1 Global Iteration 0
 Number of Nodes with overlaps = 0
INFO: [Route 35-416] Intermediate Timing Summary | WNS=8.613  | TNS=0.000  | WHS=N/A    | THS=N/A    |

Phase 5.1 Global Iteration 0 | Checksum: 197b2b948

Time (s): cpu = 00:00:17 ; elapsed = 00:00:14 . Memory (MB): peak = 3145.586 ; gain = 115.145 ; free physical = 108424 ; free virtual = 127851

Phase 5.2 Global Iteration 1
 Number of Nodes with overlaps = 0
INFO: [Route 35-416] Intermediate Timing Summary | WNS=8.087  | TNS=0.000  | WHS=N/A    | THS=N/A    |

Phase 5.2 Global Iteration 1 | Checksum: 1c84264aa

Time (s): cpu = 00:00:17 ; elapsed = 00:00:14 . Memory (MB): peak = 3145.586 ; gain = 115.145 ; free physical = 108424 ; free virtual = 127851
Phase 5 Rip-up And Reroute | Checksum: 1c84264aa

Time (s): cpu = 00:00:17 ; elapsed = 00:00:14 . Memory (MB): peak = 3145.586 ; gain = 115.145 ; free physical = 108424 ; free virtual = 127851

Phase 6 Delay and Skew Optimization

Phase 6.1 Delay CleanUp
Phase 6.1 Delay CleanUp | Checksum: 1c84264aa

Time (s): cpu = 00:00:17 ; elapsed = 00:00:14 . Memory (MB): peak = 3145.586 ; gain = 115.145 ; free physical = 108424 ; free virtual = 127851

Phase 6.2 Clock Skew Optimization
Phase 6.2 Clock Skew Optimization | Checksum: 1c84264aa

Time (s): cpu = 00:00:17 ; elapsed = 00:00:14 . Memory (MB): peak = 3145.586 ; gain = 115.145 ; free physical = 108424 ; free virtual = 127851
Phase 6 Delay and Skew Optimization | Checksum: 1c84264aa

Time (s): cpu = 00:00:17 ; elapsed = 00:00:14 . Memory (MB): peak = 3145.586 ; gain = 115.145 ; free physical = 108424 ; free virtual = 127851

Phase 7 Post Hold Fix

Phase 7.1 Hold Fix Iter
INFO: [Route 35-416] Intermediate Timing Summary | WNS=8.183  | TNS=0.000  | WHS=0.285  | THS=0.000  |

Phase 7.1 Hold Fix Iter | Checksum: 2570452bb

Time (s): cpu = 00:00:17 ; elapsed = 00:00:14 . Memory (MB): peak = 3145.586 ; gain = 115.145 ; free physical = 108424 ; free virtual = 127851
Phase 7 Post Hold Fix | Checksum: 2570452bb

Time (s): cpu = 00:00:17 ; elapsed = 00:00:14 . Memory (MB): peak = 3145.586 ; gain = 115.145 ; free physical = 108424 ; free virtual = 127851

Phase 8 Route finalize

Router Utilization Summary
  Global Vertical Routing Utilization    = 0.0144057 %
  Global Horizontal Routing Utilization  = 0.00824098 %
  Routable Net Status*
  *Does not include unroutable nets such as driverless and loadless.
  Run report_route_status for detailed report.
  Number of Failed Nets               = 0
    (Failed Nets is the sum of unrouted and partially routed nets)
  Number of Unrouted Nets             = 0
  Number of Partially Routed Nets     = 0
  Number of Node Overlaps             = 0

Phase 8 Route finalize | Checksum: 2570452bb

Time (s): cpu = 00:00:17 ; elapsed = 00:00:14 . Memory (MB): peak = 3145.586 ; gain = 115.145 ; free physical = 108424 ; free virtual = 127851

Phase 9 Verifying routed nets

 Verification completed successfully
Phase 9 Verifying routed nets | Checksum: 2570452bb

Time (s): cpu = 00:00:17 ; elapsed = 00:00:14 . Memory (MB): peak = 3145.586 ; gain = 115.145 ; free physical = 108424 ; free virtual = 127851

Phase 10 Depositing Routes
Phase 10 Depositing Routes | Checksum: 2f3a639fa

Time (s): cpu = 00:00:17 ; elapsed = 00:00:14 . Memory (MB): peak = 3145.586 ; gain = 115.145 ; free physical = 108424 ; free virtual = 127851

Phase 11 Post Process Routing
Phase 11 Post Process Routing | Checksum: 2f3a639fa

Time (s): cpu = 00:00:17 ; elapsed = 00:00:14 . Memory (MB): peak = 3145.586 ; gain = 115.145 ; free physical = 108424 ; free virtual = 127851

Phase 12 Post Router Timing
INFO: [Route 35-57] Estimated Timing Summary | WNS=8.183  | TNS=0.000  | WHS=0.285  | THS=0.000  |

INFO: [Route 35-327] The final timing numbers are based on the router estimated timing analysis. For a complete and accurate timing signoff, please run report_timing_summary.
Phase 12 Post Router Timing | Checksum: 2f3a639fa

Time (s): cpu = 00:00:17 ; elapsed = 00:00:14 . Memory (MB): peak = 3145.586 ; gain = 115.145 ; free physical = 108424 ; free virtual = 127851
Total Elapsed time in route_design: 13.78 secs

Phase 13 Post-Route Event Processing
Phase 13 Post-Route Event Processing | Checksum: 1974a46ad

Time (s): cpu = 00:00:17 ; elapsed = 00:00:14 . Memory (MB): peak = 3145.586 ; gain = 115.145 ; free physical = 108424 ; free virtual = 127851
INFO: [Route 35-16] Router Completed Successfully
Ending Routing Task | Checksum: 1974a46ad

Time (s): cpu = 00:00:17 ; elapsed = 00:00:14 . Memory (MB): peak = 3145.586 ; gain = 115.145 ; free physical = 108424 ; free virtual = 127851

Routing Is Done.
INFO: [Common 17-83] Releasing license: Implementation
89 Infos, 1 Warnings, 0 Critical Warnings and 0 Errors encountered.
route_design completed successfully
route_design: Time (s): cpu = 00:00:17 ; elapsed = 00:00:14 . Memory (MB): peak = 3145.586 ; gain = 115.145 ; free physical = 108424 ; free virtual = 127851
INFO: [Vivado 12-24828] Executing command : report_drc -file top_drc_routed.rpt -pb top_drc_routed.pb -rpx top_drc_routed.rpx
Command: report_drc -file top_drc_routed.rpt -pb top_drc_routed.pb -rpx top_drc_routed.rpx
INFO: [IP_Flow 19-1839] IP Catalog is up to date.
INFO: [DRC 23-27] Running DRC with 8 threads
INFO: [Vivado_Tcl 2-168] The results of DRC are in file /home/ddubon/research/project-mode/Tail Lights/Tail Lights.runs/impl_1/top_drc_routed.rpt.
report_drc completed successfully
INFO: [Vivado 12-24828] Executing command : report_methodology -file top_methodology_drc_routed.rpt -pb top_methodology_drc_routed.pb -rpx top_methodology_drc_routed.rpx
Command: report_methodology -file top_methodology_drc_routed.rpt -pb top_methodology_drc_routed.pb -rpx top_methodology_drc_routed.rpx
INFO: [Timing 38-35] Done setting XDC timing constraints.
INFO: [DRC 23-133] Running Methodology with 8 threads
INFO: [Vivado_Tcl 2-1520] The results of Report Methodology are in file /home/ddubon/research/project-mode/Tail Lights/Tail Lights.runs/impl_1/top_methodology_drc_routed.rpt.
report_methodology completed successfully
INFO: [Vivado 12-24828] Executing command : report_timing_summary -max_paths 10 -routable_nets -report_unconstrained -file top_timing_summary_routed.rpt -pb top_timing_summary_routed.pb -rpx top_timing_summary_routed.rpx -warn_on_violation 
INFO: [Timing 38-35] Done setting XDC timing constraints.
INFO: [Timing 38-91] UpdateTimingParams: Speed grade: -1, Delay Type: min_max.
INFO: [Timing 38-191] Multithreading enabled for timing update using a maximum of 8 CPUs
INFO: [Vivado 12-24838] Running report commands "report_bus_skew, report_incremental_reuse, report_route_status" in parallel.
Running report generation with 3 threads.
INFO: [Vivado 12-24828] Executing command : report_route_status -file top_route_status.rpt -pb top_route_status.pb
INFO: [Vivado 12-24828] Executing command : report_incremental_reuse -file top_incremental_reuse_routed.rpt
INFO: [Vivado_Tcl 4-1062] Incremental flow is disabled. No incremental reuse Info to report.
INFO: [Vivado 12-24828] Executing command : report_bus_skew -warn_on_violation -file top_bus_skew_routed.rpt -pb top_bus_skew_routed.pb -rpx top_bus_skew_routed.rpx
INFO: [Timing 38-91] UpdateTimingParams: Speed grade: -1, Delay Type: min_max.
INFO: [Timing 38-191] Multithreading enabled for timing update using a maximum of 8 CPUs
INFO: [Vivado 12-24828] Executing command : report_power -file top_power_routed.rpt -pb top_power_summary_routed.pb -rpx top_power_routed.rpx
Command: report_power -file top_power_routed.rpt -pb top_power_summary_routed.pb -rpx top_power_routed.rpx
Running Vector-less Activity Propagation...

Finished Running Vector-less Activity Propagation
109 Infos, 1 Warnings, 0 Critical Warnings and 0 Errors encountered.
report_power completed successfully
INFO: [Vivado 12-24828] Executing command : report_clock_utilization -file top_clock_utilization_routed.rpt
INFO: [Timing 38-480] Writing timing data to binary archive.
Write ShapeDB Complete: Time (s): cpu = 00:00:00 ; elapsed = 00:00:00 . Memory (MB): peak = 3298.129 ; gain = 0.000 ; free physical = 108402 ; free virtual = 127829
Wrote PlaceDB: Time (s): cpu = 00:00:00 ; elapsed = 00:00:00 . Memory (MB): peak = 3298.129 ; gain = 0.000 ; free physical = 108402 ; free virtual = 127829
Wrote PulsedLatchDB: Time (s): cpu = 00:00:00 ; elapsed = 00:00:00 . Memory (MB): peak = 3298.129 ; gain = 0.000 ; free physical = 108402 ; free virtual = 127829
Writing XDEF routing.
Writing XDEF routing logical nets.
Writing XDEF routing special nets.
Wrote RouteStorage: Time (s): cpu = 00:00:00.03 ; elapsed = 00:00:00.01 . Memory (MB): peak = 3298.129 ; gain = 0.000 ; free physical = 108403 ; free virtual = 127829
Wrote Netlist Cache: Time (s): cpu = 00:00:00 ; elapsed = 00:00:00 . Memory (MB): peak = 3298.129 ; gain = 0.000 ; free physical = 108403 ; free virtual = 127829
Wrote Device Cache: Time (s): cpu = 00:00:00.01 ; elapsed = 00:00:00 . Memory (MB): peak = 3298.129 ; gain = 0.000 ; free physical = 108402 ; free virtual = 127829
Write Physdb Complete: Time (s): cpu = 00:00:00.04 ; elapsed = 00:00:00.02 . Memory (MB): peak = 3298.129 ; gain = 0.000 ; free physical = 108402 ; free virtual = 127829
INFO: [Common 17-1381] The checkpoint '/home/ddubon/research/project-mode/Tail Lights/Tail Lights.runs/impl_1/top_routed.dcp' has been generated.
Command: write_bitstream -force top.bit
Attempting to get a license for feature 'Implementation' and/or device 'xc7a100t'
INFO: [Common 17-349] Got license for feature 'Implementation' and/or device 'xc7a100t'
Running DRC as a precondition to command write_bitstream
INFO: [IP_Flow 19-1839] IP Catalog is up to date.
INFO: [DRC 23-27] Running DRC with 8 threads
INFO: [Vivado 12-3199] DRC finished with 0 Errors
INFO: [Vivado 12-3200] Please refer to the DRC report (report_drc) for more information.
INFO: [Designutils 20-2272] Running write_bitstream with 8 threads.
Loading data files...
Loading site data...
Loading route data...
Processing options...
Creating bitmap...
Creating bitstream...
Writing bitstream ./top.bit...
INFO: [Vivado 12-1842] Bitgen Completed Successfully.
INFO: [Project 1-1876] WebTalk data collection is mandatory when using a ULT device. To see the specific WebTalk data collected for your design, open the usage_statistics_webtalk.html or usage_statistics_webtalk.xml file in the implementation directory.
INFO: [Common 17-83] Releasing license: Implementation
121 Infos, 1 Warnings, 0 Critical Warnings and 0 Errors encountered.
write_bitstream completed successfully
write_bitstream: Time (s): cpu = 00:00:08 ; elapsed = 00:00:25 . Memory (MB): peak = 3552.129 ; gain = 254.000 ; free physical = 108122 ; free virtual = 127550
INFO: [Common 17-206] Exiting Vivado at Tue Mar 24 14:16:53 2026...
[Tue Mar 24 14:16:53 2026] impl_1 finished
wait_on_runs: Time (s): cpu = 00:00:59 ; elapsed = 00:01:00 . Memory (MB): peak = 2055.051 ; gain = 0.000 ; free physical = 110377 ; free virtual = 129805
# open_run impl_1
Netlist sorting complete. Time (s): cpu = 00:00:00 ; elapsed = 00:00:00 . Memory (MB): peak = 2055.051 ; gain = 0.000 ; free physical = 110385 ; free virtual = 129813
INFO: [Project 1-479] Netlist was created with Vivado 2025.1
INFO: [Project 1-570] Preparing netlist for logic optimization
Read ShapeDB Complete: Time (s): cpu = 00:00:00 ; elapsed = 00:00:00 . Memory (MB): peak = 2114.828 ; gain = 0.000 ; free physical = 110388 ; free virtual = 129813
INFO: [Timing 38-478] Restoring timing data from binary archive.
INFO: [Timing 38-479] Binary timing data restore complete.
INFO: [Project 1-856] Restoring constraints from binary archive.
INFO: [Project 1-853] Binary constraint restore complete.
INFO: [Designutils 20-5722] Start Reading Physical Databases.
Reading placement.
Read Netlist Cache: Time (s): cpu = 00:00:00 ; elapsed = 00:00:00 . Memory (MB): peak = 2641.008 ; gain = 0.000 ; free physical = 109899 ; free virtual = 129327
Reading placer database...
Read Device Cache: Time (s): cpu = 00:00:00.01 ; elapsed = 00:00:00 . Memory (MB): peak = 2641.008 ; gain = 0.000 ; free physical = 109899 ; free virtual = 129327
Read PlaceDB: Time (s): cpu = 00:00:00 ; elapsed = 00:00:00 . Memory (MB): peak = 2641.008 ; gain = 0.000 ; free physical = 109899 ; free virtual = 129327
Read PulsedLatchDB: Time (s): cpu = 00:00:00 ; elapsed = 00:00:00 . Memory (MB): peak = 2641.008 ; gain = 0.000 ; free physical = 109899 ; free virtual = 129327
Reading routing.
Read RouteStorage: Time (s): cpu = 00:00:00 ; elapsed = 00:00:00.01 . Memory (MB): peak = 2641.008 ; gain = 0.000 ; free physical = 109899 ; free virtual = 129327
Read Physdb Files: Time (s): cpu = 00:00:00.01 ; elapsed = 00:00:00.01 . Memory (MB): peak = 2641.008 ; gain = 0.000 ; free physical = 109899 ; free virtual = 129327
Restored from archive | CPU: 0.010000 secs | Memory: 0.026207 MB |
Finished XDEF File Restore: Time (s): cpu = 00:00:00.01 ; elapsed = 00:00:00.01 . Memory (MB): peak = 2641.008 ; gain = 0.000 ; free physical = 109899 ; free virtual = 129327
Netlist sorting complete. Time (s): cpu = 00:00:00 ; elapsed = 00:00:00 . Memory (MB): peak = 2641.008 ; gain = 0.000 ; free physical = 109899 ; free virtual = 129327
INFO: [Project 1-111] Unisim Transformation Summary:
No Unisim elements were transformed.

# set bitfile "$proj_dir/${proj_name}.runs/impl_1/${top}.bit"
# puts "Build complete! Bitstream at: $bitfile"
Build complete! Bitstream at: ./Tail Lights/Tail Lights.runs/impl_1/top.bit
vivado &
WARNING: [Common 17-259] Unknown Tcl command 'vivado &' sending command to the OS shell for execution. It is recommended to use 'exec' to send the command to the OS shell.
121624
quit
INFO: [Common 17-206] Exiting Vivado at Tue Mar 24 14:23:54 2026...
